Archive member included to satisfy reference by file (symbol)

/opt/st/stm32cubeide_1.2.0/plugins/com.st.stm32cube.ide.mcu.externaltools.gnu-arm-embedded.7-2018-q2-update.linux64_1.0.0.201904120901/tools/bin/../lib/gcc/arm-none-eabi/7.3.1/../../../../arm-none-eabi/lib/thumb/v7e-m/fpv4-sp/hard/libstdc++_nano.a(pure.o)
                              Core/Src/main.o (__cxa_pure_virtual)
/opt/st/stm32cubeide_1.2.0/plugins/com.st.stm32cube.ide.mcu.externaltools.gnu-arm-embedded.7-2018-q2-update.linux64_1.0.0.201904120901/tools/bin/../lib/gcc/arm-none-eabi/7.3.1/../../../../arm-none-eabi/lib/thumb/v7e-m/fpv4-sp/hard/libstdc++_nano.a(eh_terminate.o)
                              /opt/st/stm32cubeide_1.2.0/plugins/com.st.stm32cube.ide.mcu.externaltools.gnu-arm-embedded.7-2018-q2-update.linux64_1.0.0.201904120901/tools/bin/../lib/gcc/arm-none-eabi/7.3.1/../../../../arm-none-eabi/lib/thumb/v7e-m/fpv4-sp/hard/libstdc++_nano.a(pure.o) (std::terminate())
/opt/st/stm32cubeide_1.2.0/plugins/com.st.stm32cube.ide.mcu.externaltools.gnu-arm-embedded.7-2018-q2-update.linux64_1.0.0.201904120901/tools/bin/../lib/gcc/arm-none-eabi/7.3.1/../../../../arm-none-eabi/lib/thumb/v7e-m/fpv4-sp/hard/libstdc++_nano.a(del_ops.o)
                              Core/Src/main.o (operator delete(void*, unsigned int))
/opt/st/stm32cubeide_1.2.0/plugins/com.st.stm32cube.ide.mcu.externaltools.gnu-arm-embedded.7-2018-q2-update.linux64_1.0.0.201904120901/tools/bin/../lib/gcc/arm-none-eabi/7.3.1/../../../../arm-none-eabi/lib/thumb/v7e-m/fpv4-sp/hard/libstdc++_nano.a(del_op.o)
                              /opt/st/stm32cubeide_1.2.0/plugins/com.st.stm32cube.ide.mcu.externaltools.gnu-arm-embedded.7-2018-q2-update.linux64_1.0.0.201904120901/tools/bin/../lib/gcc/arm-none-eabi/7.3.1/../../../../arm-none-eabi/lib/thumb/v7e-m/fpv4-sp/hard/libstdc++_nano.a(del_ops.o) (operator delete(void*))
/opt/st/stm32cubeide_1.2.0/plugins/com.st.stm32cube.ide.mcu.externaltools.gnu-arm-embedded.7-2018-q2-update.linux64_1.0.0.201904120901/tools/bin/../lib/gcc/arm-none-eabi/7.3.1/../../../../arm-none-eabi/lib/thumb/v7e-m/fpv4-sp/hard/libstdc++_nano.a(eh_term_handler.o)
                              /opt/st/stm32cubeide_1.2.0/plugins/com.st.stm32cube.ide.mcu.externaltools.gnu-arm-embedded.7-2018-q2-update.linux64_1.0.0.201904120901/tools/bin/../lib/gcc/arm-none-eabi/7.3.1/../../../../arm-none-eabi/lib/thumb/v7e-m/fpv4-sp/hard/libstdc++_nano.a(eh_terminate.o) (__cxxabiv1::__terminate_handler)
/opt/st/stm32cubeide_1.2.0/plugins/com.st.stm32cube.ide.mcu.externaltools.gnu-arm-embedded.7-2018-q2-update.linux64_1.0.0.201904120901/tools/bin/../lib/gcc/arm-none-eabi/7.3.1/../../../../arm-none-eabi/lib/thumb/v7e-m/fpv4-sp/hard/libstdc++_nano.a(eh_unex_handler.o)
                              /opt/st/stm32cubeide_1.2.0/plugins/com.st.stm32cube.ide.mcu.externaltools.gnu-arm-embedded.7-2018-q2-update.linux64_1.0.0.201904120901/tools/bin/../lib/gcc/arm-none-eabi/7.3.1/../../../../arm-none-eabi/lib/thumb/v7e-m/fpv4-sp/hard/libstdc++_nano.a(eh_terminate.o) (__cxxabiv1::__unexpected_handler)
/opt/st/stm32cubeide_1.2.0/plugins/com.st.stm32cube.ide.mcu.externaltools.gnu-arm-embedded.7-2018-q2-update.linux64_1.0.0.201904120901/tools/bin/../lib/gcc/arm-none-eabi/7.3.1/../../../../arm-none-eabi/lib/thumb/v7e-m/fpv4-sp/hard/libc_nano.a(lib_a-abort.o)
                              /opt/st/stm32cubeide_1.2.0/plugins/com.st.stm32cube.ide.mcu.externaltools.gnu-arm-embedded.7-2018-q2-update.linux64_1.0.0.201904120901/tools/bin/../lib/gcc/arm-none-eabi/7.3.1/../../../../arm-none-eabi/lib/thumb/v7e-m/fpv4-sp/hard/libstdc++_nano.a(eh_terminate.o) (abort)
/opt/st/stm32cubeide_1.2.0/plugins/com.st.stm32cube.ide.mcu.externaltools.gnu-arm-embedded.7-2018-q2-update.linux64_1.0.0.201904120901/tools/bin/../lib/gcc/arm-none-eabi/7.3.1/../../../../arm-none-eabi/lib/thumb/v7e-m/fpv4-sp/hard/libc_nano.a(lib_a-assert.o)
                              Core/Src/main.o (__assert_func)
/opt/st/stm32cubeide_1.2.0/plugins/com.st.stm32cube.ide.mcu.externaltools.gnu-arm-embedded.7-2018-q2-update.linux64_1.0.0.201904120901/tools/bin/../lib/gcc/arm-none-eabi/7.3.1/../../../../arm-none-eabi/lib/thumb/v7e-m/fpv4-sp/hard/libc_nano.a(lib_a-errno.o)
                              Core/Src/syscalls.o (__errno)
/opt/st/stm32cubeide_1.2.0/plugins/com.st.stm32cube.ide.mcu.externaltools.gnu-arm-embedded.7-2018-q2-update.linux64_1.0.0.201904120901/tools/bin/../lib/gcc/arm-none-eabi/7.3.1/../../../../arm-none-eabi/lib/thumb/v7e-m/fpv4-sp/hard/libc_nano.a(lib_a-exit.o)
                              /opt/st/stm32cubeide_1.2.0/plugins/com.st.stm32cube.ide.mcu.externaltools.gnu-arm-embedded.7-2018-q2-update.linux64_1.0.0.201904120901/tools/bin/../lib/gcc/arm-none-eabi/7.3.1/../../../../arm-none-eabi/lib/thumb/v7e-m/fpv4-sp/hard/crt0.o (exit)
[...]
Memory Configuration

Name             Origin             Length             Attributes
CCMRAM           0x0000000010000000 0x0000000000010000 xrw
RAM              0x0000000020000000 0x0000000000020000 xrw
FLASH            0x0000000008000000 0x0000000000100000 xr
*default*        0x0000000000000000 0xffffffffffffffff

Linker script and memory map

LOAD /opt/st/stm32cubeide_1.2.0/plugins/com.st.stm32cube.ide.mcu.externaltools.gnu-arm-embedded.7-2018-q2-update.linux64_1.0.0.201904120901/tools/bin/../lib/gcc/arm-none-eabi/7.3.1/thumb/v7e-m/fpv4-sp/hard/crti.o
LOAD /opt/st/stm32cubeide_1.2.0/plugins/com.st.stm32cube.ide.mcu.externaltools.gnu-arm-embedded.7-2018-q2-update.linux64_1.0.0.201904120901/tools/bin/../lib/gcc/arm-none-eabi/7.3.1/thumb/v7e-m/fpv4-sp/hard/crtbegin.o
LOAD /opt/st/stm32cubeide_1.2.0/plugins/com.st.stm32cube.ide.mcu.externaltools.gnu-arm-embedded.7-2018-q2-update.linux64_1.0.0.201904120901/tools/bin/../lib/gcc/arm-none-eabi/7.3.1/../../../../arm-none-eabi/lib/thumb/v7e-m/fpv4-sp/hard/crt0.o
LOAD Core/Src/main.o
LOAD Core/Src/stm32f4xx_hal_msp.o
LOAD Core/Src/stm32f4xx_it.o
LOAD Core/Src/syscalls.o
LOAD Core/Src/sysmem.o
LOAD Core/Src/system_stm32f4xx.o
LOAD Core/Startup/startup_stm32f407vgtx.o
LOAD Drivers/STM32F4xx_HAL_Driver/Src/stm32f4xx_hal.o
LOAD Drivers/STM32F4xx_HAL_Driver/Src/stm32f4xx_hal_cortex.o
LOAD Drivers/STM32F4xx_HAL_Driver/Src/stm32f4xx_hal_dma.o
LOAD Drivers/STM32F4xx_HAL_Driver/Src/stm32f4xx_hal_dma_ex.o
LOAD Drivers/STM32F4xx_HAL_Driver/Src/stm32f4xx_hal_exti.o
LOAD Drivers/STM32F4xx_HAL_Driver/Src/stm32f4xx_hal_flash.o
LOAD Drivers/STM32F4xx_HAL_Driver/Src/stm32f4xx_hal_flash_ex.o
LOAD Drivers/STM32F4xx_HAL_Driver/Src/stm32f4xx_hal_flash_ramfunc.o
LOAD Drivers/STM32F4xx_HAL_Driver/Src/stm32f4xx_hal_gpio.o
LOAD Drivers/STM32F4xx_HAL_Driver/Src/stm32f4xx_hal_hcd.o
LOAD Drivers/STM32F4xx_HAL_Driver/Src/stm32f4xx_hal_i2c.o
LOAD Drivers/STM32F4xx_HAL_Driver/Src/stm32f4xx_hal_i2c_ex.o
LOAD Drivers/STM32F4xx_HAL_Driver/Src/stm32f4xx_hal_i2s.o
LOAD Drivers/STM32F4xx_HAL_Driver/Src/stm32f4xx_hal_i2s_ex.o
LOAD Drivers/STM32F4xx_HAL_Driver/Src/stm32f4xx_hal_pwr.o
LOAD Drivers/STM32F4xx_HAL_Driver/Src/stm32f4xx_hal_pwr_ex.o
LOAD Drivers/STM32F4xx_HAL_Driver/Src/stm32f4xx_hal_rcc.o
LOAD Drivers/STM32F4xx_HAL_Driver/Src/stm32f4xx_hal_rcc_ex.o
LOAD Drivers/STM32F4xx_HAL_Driver/Src/stm32f4xx_hal_spi.o
LOAD Drivers/STM32F4xx_HAL_Driver/Src/stm32f4xx_hal_tim.o
LOAD Drivers/STM32F4xx_HAL_Driver/Src/stm32f4xx_hal_tim_ex.o
LOAD Drivers/STM32F4xx_HAL_Driver/Src/stm32f4xx_hal_uart.o
LOAD Drivers/STM32F4xx_HAL_Driver/Src/stm32f4xx_ll_usb.o
LOAD Middlewares/ST/STM32_USB_Host_Library/Class/CDC/Src/usbh_cdc.o
LOAD Middlewares/ST/STM32_USB_Host_Library/Core/Src/usbh_core.o
LOAD Middlewares/ST/STM32_USB_Host_Library/Core/Src/usbh_ctlreq.o
LOAD Middlewares/ST/STM32_USB_Host_Library/Core/Src/usbh_ioreq.o
LOAD Middlewares/ST/STM32_USB_Host_Library/Core/Src/usbh_pipes.o
LOAD USB_HOST/App/usb_host.o
LOAD USB_HOST/Target/usbh_conf.o
LOAD USB_HOST/Target/usbh_platform.o
START GROUP
LOAD /opt/st/stm32cubeide_1.2.0/plugins/com.st.stm32cube.ide.mcu.externaltools.gnu-arm-embedded.7-2018-q2-update.linux64_1.0.0.201904120901/tools/bin/../lib/gcc/arm-none-eabi/7.3.1/../../../../arm-none-eabi/lib/thumb/v7e-m/fpv4-sp/hard/libstdc++_nano.a
LOAD /opt/st/stm32cubeide_1.2.0/plugins/com.st.stm32cube.ide.mcu.externaltools.gnu-arm-embedded.7-2018-q2-update.linux64_1.0.0.201904120901/tools/bin/../lib/gcc/arm-none-eabi/7.3.1/../../../../arm-none-eabi/lib/thumb/v7e-m/fpv4-sp/hard/libsupc++_nano.a
END GROUP
LOAD /opt/st/stm32cubeide_1.2.0/plugins/com.st.stm32cube.ide.mcu.externaltools.gnu-arm-embedded.7-2018-q2-update.linux64_1.0.0.201904120901/tools/bin/../lib/gcc/arm-none-eabi/7.3.1/../../../../arm-none-eabi/lib/thumb/v7e-m/fpv4-sp/hard/libstdc++_nano.a
LOAD /opt/st/stm32cubeide_1.2.0/plugins/com.st.stm32cube.ide.mcu.externaltools.gnu-arm-embedded.7-2018-q2-update.linux64_1.0.0.201904120901/tools/bin/../lib/gcc/arm-none-eabi/7.3.1/../../../../arm-none-eabi/lib/thumb/v7e-m/fpv4-sp/hard/libm.a
LOAD /opt/st/stm32cubeide_1.2.0/plugins/com.st.stm32cube.ide.mcu.externaltools.gnu-arm-embedded.7-2018-q2-update.linux64_1.0.0.201904120901/tools/bin/../lib/gcc/arm-none-eabi/7.3.1/../../../../arm-none-eabi/lib/thumb/v7e-m/fpv4-sp/hard/libc_nano.a
START GROUP
LOAD /opt/st/stm32cubeide_1.2.0/plugins/com.st.stm32cube.ide.mcu.externaltools.gnu-arm-embedded.7-2018-q2-update.linux64_1.0.0.201904120901/tools/bin/../lib/gcc/arm-none-eabi/7.3.1/thumb/v7e-m/fpv4-sp/hard/libgcc.a
LOAD /opt/st/stm32cubeide_1.2.0/plugins/com.st.stm32cube.ide.mcu.externaltools.gnu-arm-embedded.7-2018-q2-update.linux64_1.0.0.201904120901/tools/bin/../lib/gcc/arm-none-eabi/7.3.1/../../../../arm-none-eabi/lib/thumb/v7e-m/fpv4-sp/hard/libc_nano.a
END GROUP
START GROUP
LOAD /opt/st/stm32cubeide_1.2.0/plugins/com.st.stm32cube.ide.mcu.externaltools.gnu-arm-embedded.7-2018-q2-update.linux64_1.0.0.201904120901/tools/bin/../lib/gcc/arm-none-eabi/7.3.1/thumb/v7e-m/fpv4-sp/hard/libgcc.a
LOAD /opt/st/stm32cubeide_1.2.0/plugins/com.st.stm32cube.ide.mcu.externaltools.gnu-arm-embedded.7-2018-q2-update.linux64_1.0.0.201904120901/tools/bin/../lib/gcc/arm-none-eabi/7.3.1/../../../../arm-none-eabi/lib/thumb/v7e-m/fpv4-sp/hard/libc_nano.a
LOAD /opt/st/stm32cubeide_1.2.0/plugins/com.st.stm32cube.ide.mcu.externaltools.gnu-arm-embedded.7-2018-q2-update.linux64_1.0.0.201904120901/tools/bin/../lib/gcc/arm-none-eabi/7.3.1/../../../../arm-none-eabi/lib/thumb/v7e-m/fpv4-sp/hard/libnosys.a
END GROUP
START GROUP
LOAD /opt/st/stm32cubeide_1.2.0/plugins/com.st.stm32cube.ide.mcu.externaltools.gnu-arm-embedded.7-2018-q2-update.linux64_1.0.0.201904120901/tools/bin/../lib/gcc/arm-none-eabi/7.3.1/thumb/v7e-m/fpv4-sp/hard/libgcc.a
LOAD /opt/st/stm32cubeide_1.2.0/plugins/com.st.stm32cube.ide.mcu.externaltools.gnu-arm-embedded.7-2018-q2-update.linux64_1.0.0.201904120901/tools/bin/../lib/gcc/arm-none-eabi/7.3.1/../../../../arm-none-eabi/lib/thumb/v7e-m/fpv4-sp/hard/libc_nano.a
LOAD /opt/st/stm32cubeide_1.2.0/plugins/com.st.stm32cube.ide.mcu.externaltools.gnu-arm-embedded.7-2018-q2-update.linux64_1.0.0.201904120901/tools/bin/../lib/gcc/arm-none-eabi/7.3.1/../../../../arm-none-eabi/lib/thumb/v7e-m/fpv4-sp/hard/libnosys.a
END GROUP
LOAD /opt/st/stm32cubeide_1.2.0/plugins/com.st.stm32cube.ide.mcu.externaltools.gnu-arm-embedded.7-2018-q2-update.linux64_1.0.0.201904120901/tools/bin/../lib/gcc/arm-none-eabi/7.3.1/thumb/v7e-m/fpv4-sp/hard/crtend.o
LOAD /opt/st/stm32cubeide_1.2.0/plugins/com.st.stm32cube.ide.mcu.externaltools.gnu-arm-embedded.7-2018-q2-update.linux64_1.0.0.201904120901/tools/bin/../lib/gcc/arm-none-eabi/7.3.1/thumb/v7e-m/fpv4-sp/hard/crtn.o
                0x0000000020020000                _estack = (ORIGIN (RAM) + LENGTH (RAM))
                0x0000000000000200                _Min_Heap_Size = 0x200
                0x0000000000000400                _Min_Stack_Size = 0x400

.isr_vector     0x0000000008000000      0x188
                0x0000000008000000                . = ALIGN (0x4)
 *(.isr_vector)
 .isr_vector    0x0000000008000000      0x188 Core/Startup/startup_stm32f407vgtx.o
                0x0000000008000000                g_pfnVectors
                0x0000000008000188                . = ALIGN (0x4)

.text           0x0000000008000190     0x637c
                0x0000000008000190                . = ALIGN (0x4)
 *(.text)
 .text          0x0000000008000190       0x40 /opt/st/stm32cubeide_1.2.0/plugins/com.st.stm32cube.ide.mcu.externaltools.gnu-arm-embedded.7-2018-q2-update.linux64_1.0.0.201904120901/tools/bin/../lib/gcc/arm-none-eabi/7.3.1/thumb/v7e-m/fpv4-sp/hard/crtbegin.o
 .text          0x00000000080001d0       0xa0 /opt/st/stm32cubeide_1.2.0/plugins/com.st.stm32cube.ide.mcu.externaltools.gnu-arm-embedded.7-2018-q2-update.linux64_1.0.0.201904120901/tools/bin/../lib/gcc/arm-none-eabi/7.3.1/../../../../arm-none-eabi/lib/thumb/v7e-m/fpv4-sp/hard/libc_nano.a(lib_a-memchr.o)
                0x00000000080001d0                memchr
 .text          0x0000000008000270       0x30 /opt/st/stm32cubeide_1.2.0/plugins/com.st.stm32cube.ide.mcu.externaltools.gnu-arm-embedded.7-2018-q2-update.linux64_1.0.0.201904120901/tools/bin/../lib/gcc/arm-none-eabi/7.3.1/thumb/v7e-m/fpv4-sp/hard/libgcc.a(_aeabi_uldivmod.o)
                0x0000000008000270                __aeabi_uldivmod
 .text          0x00000000080002a0      0x2cc /opt/st/stm32cubeide_1.2.0/plugins/com.st.stm32cube.ide.mcu.externaltools.gnu-arm-embedded.7-2018-q2-update.linux64_1.0.0.201904120901/tools/bin/../lib/gcc/arm-none-eabi/7.3.1/thumb/v7e-m/fpv4-sp/hard/libgcc.a(_udivmoddi4.o)
                0x00000000080002a0                __udivmoddi4
 .text          0x000000000800056c        0x4 /opt/st/stm32cubeide_1.2.0/plugins/com.st.stm32cube.ide.mcu.externaltools.gnu-arm-embedded.7-2018-q2-update.linux64_1.0.0.201904120901/tools/bin/../lib/gcc/arm-none-eabi/7.3.1/thumb/v7e-m/fpv4-sp/hard/libgcc.a(_dvmd_tls.o)
                0x000000000800056c                __aeabi_ldiv0
                0x000000000800056c                __aeabi_idiv0
 *(.text*)
 .text._ZnwjPv  0x0000000008000570       0x18 Core/Src/main.o
                0x0000000008000570                operator new(unsigned int, void*)
 .text._ZN8kocherga5CRC643addEPKvj
                0x0000000008000588      0x2ac Core/Src/main.o
                0x0000000008000588                kocherga::CRC64::add(void const*, unsigned int)
 .text._ZNK8kocherga5CRC643getEv
                0x0000000008000834       0x22 Core/Src/main.o
                0x0000000008000834                kocherga::CRC64::get() const
 .text._ZN8kocherga9IPlatform9lockMutexEv
                0x0000000008000856       0x14 Core/Src/main.o
                0x0000000008000856                kocherga::IPlatform::lockMutex()
 .text._ZN8kocherga9IPlatform11unlockMutexEv
                0x000000000800086a       0x14 Core/Src/main.o
                0x000000000800086a                kocherga::IPlatform::unlockMutex()
 .text._ZN8kocherga20BootloaderController11MutexLockerC2ERNS_9IPlatformE
                0x000000000800087e       0x2c Core/Src/main.o
                0x000000000800087e                kocherga::BootloaderController::MutexLocker::MutexLocker(kocherga::IPlatform&)
                0x000000000800087e                kocherga::BootloaderController::MutexLocker::MutexLocker(kocherga::IPlatform&)
 .text._ZN8kocherga20BootloaderController11MutexLockerD2Ev
                0x00000000080008aa       0x24 Core/Src/main.o
                0x00000000080008aa                kocherga::BootloaderController::MutexLocker::~MutexLocker()
                0x00000000080008aa                kocherga::BootloaderController::MutexLocker::~MutexLocker()
 .text._ZSt5beginISt5arrayIhLj8EEEDTcldtfp_5beginEERKT_
                0x00000000080008ce       0x18 Core/Src/main.o
                0x00000000080008ce                decltype (({parm#1}.begin)()) std::begin<std::array<unsigned char, 8u> >(std::array<unsigned char, 8u> const&)
 .text._ZNKSt5arrayIhLj8EE5beginEv
                0x00000000080008e6       0x18 Core/Src/main.o
                0x00000000080008e6                std::array<unsigned char, 8u>::begin() const
 .text._ZNSt14__array_traitsIhLj8EE6_S_ptrERA8_Kh
                0x00000000080008fe       0x16 Core/Src/main.o
                0x00000000080008fe                std::__array_traits<unsigned char, 8u>::_S_ptr(unsigned char const (&) [8])
 .text._ZNKSt5arrayIhLj8EE4dataEv
                0x0000000008000914       0x1a Core/Src/main.o
                0x0000000008000914                std::array<unsigned char, 8u>::data() const
 *fill*         0x000000000800092e        0x2 
 .text._ZNK8kocherga20BootloaderController13AppDescriptor7isValidEm
                0x0000000008000930       0x78 Core/Src/main.o
                0x0000000008000930                kocherga::BootloaderController::AppDescriptor::isValid(unsigned long) const
 .text._ZSt5beginIhLj8EEPT_RAT0__S0_
                0x00000000080009a8       0x16 Core/Src/main.o
                0x00000000080009a8                unsigned char* std::begin<unsigned char, 8u>(unsigned char (&) [8u])
 .text._ZSt3endIhLj8EEPT_RAT0__S0_
                0x00000000080009be       0x18 Core/Src/main.o
                0x00000000080009be                unsigned char* std::end<unsigned char, 8u>(unsigned char (&) [8u])
 .text._ZNSt8optionalIN8kocherga20BootloaderController13AppDescriptorEEC2Ev
                0x00000000080009d6       0x1a Core/Src/main.o
                0x00000000080009d6                std::optional<kocherga::BootloaderController::AppDescriptor>::optional()
                0x00000000080009d6                std::optional<kocherga::BootloaderController::AppDescriptor>::optional()
 .text._ZN8kocherga20BootloaderController19locateAppDescriptorEv
                0x00000000080009f0      0x294 Core/Src/main.o
                0x00000000080009f0                kocherga::BootloaderController::locateAppDescriptor()
 .text._ZNKSt14_Optional_baseIN8kocherga20BootloaderController13AppDescriptorEE6_M_getEv
                0x0000000008000c84       0x16 Core/Src/main.o
                0x0000000008000c84                std::_Optional_base<kocherga::BootloaderController::AppDescriptor>::_M_get() const
 .text._ZNKSt8optionalIN8kocherga20BootloaderController13AppDescriptorEEptEv
                0x0000000008000c9a       0x22 Core/Src/main.o
                0x0000000008000c9a                std::optional<kocherga::BootloaderController::AppDescriptor>::operator->() const
 .text._ZSt11__addressofIKN8kocherga20BootloaderController13AppDescriptorEEPT_RS4_
                0x0000000008000cbc       0x16 Core/Src/main.o
                0x0000000008000cbc                kocherga::BootloaderController::AppDescriptor const* std::__addressof<kocherga::BootloaderController::AppDescriptor const>(kocherga::BootloaderController::AppDescriptor const&)
 .text._ZN8kocherga20BootloaderController23verifyAppAndUpdateStateENS_5StateE
                0x0000000008000cd2       0x86 Core/Src/main.o
                0x0000000008000cd2                kocherga::BootloaderController::verifyAppAndUpdateState(kocherga::State)
 .text._ZNSt8optionalIN8kocherga7AppInfoEEC2Ev
                0x0000000008000d58       0x1a Core/Src/main.o
                0x0000000008000d58                std::optional<kocherga::AppInfo>::optional()
                0x0000000008000d58                std::optional<kocherga::AppInfo>::optional()
 .text._ZN8kocherga20BootloaderControllerC2ERNS_9IPlatformERNS_11IROMBackendEmNSt6chrono8durationIxSt5ratioILx1ELx1000000EEEE
                0x0000000008000d72       0x8a Core/Src/main.o
                0x0000000008000d72                kocherga::BootloaderController::BootloaderController(kocherga::IPlatform&, kocherga::IROMBackend&, unsigned long, std::chrono::duration<long long, std::ratio<1ll, 1000000ll> >)
                0x0000000008000d72                kocherga::BootloaderController::BootloaderController(kocherga::IPlatform&, kocherga::IROMBackend&, unsigned long, std::chrono::duration<long long, std::ratio<1ll, 1000000ll> >)
 .text._ZNSt6chrono8durationIxSt5ratioILx1ELx1000000EEEC1IivEERKT_
                0x0000000008000dfc       0x24 Core/Src/main.o
                0x0000000008000dfc                std::chrono::duration<long long, std::ratio<1ll, 1000000ll> >::duration<int, void>(int const&)
 .text._ZN13STM32Platform9lockMutexEv
                0x0000000008000e20       0x14 Core/Src/main.o
                0x0000000008000e20                STM32Platform::lockMutex()
 .text._ZN13STM32Platform11unlockMutexEv
                0x0000000008000e34       0x14 Core/Src/main.o
                0x0000000008000e34                STM32Platform::unlockMutex()
 .text._ZNK13STM32Platform18getMonotonicUptimeEv
                0x0000000008000e48       0x28 Core/Src/main.o
                0x0000000008000e48                STM32Platform::getMonotonicUptime() const
 .text._ZN16STM32IROMBackend12beginUpgradeEv
                0x0000000008000e70       0x16 Core/Src/main.o
                0x0000000008000e70                STM32IROMBackend::beginUpgrade()
 .text._ZN16STM32IROMBackend5writeEjPKvt
                0x0000000008000e86       0xa8 Core/Src/main.o
                0x0000000008000e86                STM32IROMBackend::write(unsigned int, void const*, unsigned short)
 .text._ZN16STM32IROMBackend10endUpgradeEb
                0x0000000008000f2e       0x1a Core/Src/main.o
                0x0000000008000f2e                STM32IROMBackend::endUpgrade(bool)
 .text._ZNK16STM32IROMBackend4readEjPvt
                0x0000000008000f48       0x4a Core/Src/main.o
                0x0000000008000f48                STM32IROMBackend::read(unsigned int, void*, unsigned short) const
 *fill*         0x0000000008000f92        0x2 
 .text._ZN8kocherga9IPlatformD2Ev
                0x0000000008000f94       0x20 Core/Src/main.o
                0x0000000008000f94                kocherga::IPlatform::~IPlatform()
                0x0000000008000f94                kocherga::IPlatform::~IPlatform()
 .text._ZN8kocherga9IPlatformD0Ev
                0x0000000008000fb4       0x20 Core/Src/main.o
                0x0000000008000fb4                kocherga::IPlatform::~IPlatform()
 .text._ZN8kocherga11IROMBackendD2Ev
                0x0000000008000fd4       0x20 Core/Src/main.o
                0x0000000008000fd4                kocherga::IROMBackend::~IROMBackend()
                0x0000000008000fd4                kocherga::IROMBackend::~IROMBackend()
 .text._ZN8kocherga11IROMBackendD0Ev
                0x0000000008000ff4       0x20 Core/Src/main.o
                0x0000000008000ff4                kocherga::IROMBackend::~IROMBackend()
 .text.main     0x0000000008001014       0x6c Core/Src/main.o
                0x0000000008001014                main
 .text._Z18SystemClock_Configv
                0x0000000008001080      0x120 Core/Src/main.o
                0x0000000008001080                SystemClock_Config()
 .text._ZL13MX_UART2_Initv
                0x00000000080011a0       0x58 Core/Src/main.o
 .text._ZL12MX_GPIO_Initv
                0x00000000080011f8      0x214 Core/Src/main.o
 .text.Error_Handler
                0x000000000800140c        0xe Core/Src/main.o
                0x000000000800140c                Error_Handler
 .text._ZSt3endISt5arrayIhLj8EEEDTcldtfp_3endEERKT_
                0x000000000800141a       0x18 Core/Src/main.o
                0x000000000800141a                decltype (({parm#1}.end)()) std::end<std::array<unsigned char, 8u> >(std::array<unsigned char, 8u> const&)
 .text._ZSt5equalIPKhS1_EbT_S2_T0_
                0x0000000008001432       0x38 Core/Src/main.o
                0x0000000008001432                bool std::equal<unsigned char const*, unsigned char const*>(unsigned char const*, unsigned char const*, unsigned char const*)
 .text._ZSt5equalIPhPKhEbT_S3_T0_
                0x000000000800146a       0x38 Core/Src/main.o
                0x000000000800146a                bool std::equal<unsigned char*, unsigned char const*>(unsigned char*, unsigned char*, unsigned char const*)
 .text._ZNSt5arrayIhLj1024EE4dataEv
                0x00000000080014a2       0x1a Core/Src/main.o
                0x00000000080014a2                std::array<unsigned char, 1024u>::data()
 .text._ZNKSt5arrayIhLj1024EE4sizeEv
                0x00000000080014bc       0x18 Core/Src/main.o
                0x00000000080014bc                std::array<unsigned char, 1024u>::size() const
 .text._ZSt3minIjERKT_S2_S2_
                0x00000000080014d4       0x28 Core/Src/main.o
                0x00000000080014d4                unsigned int const& std::min<unsigned int>(unsigned int const&, unsigned int const&)
 .text._ZSt7forwardIRN8kocherga20BootloaderController13AppDescriptorEEOT_RNSt16remove_referenceIS4_E4typeE
                0x00000000080014fc       0x16 Core/Src/main.o
                0x00000000080014fc                kocherga::BootloaderController::AppDescriptor& std::forward<kocherga::BootloaderController::AppDescriptor&>(std::remove_reference<kocherga::BootloaderController::AppDescriptor&>::type&)
 .text._ZNSt8optionalIN8kocherga20BootloaderController13AppDescriptorEEC2IRS2_Lb1EEEOT_
                0x0000000008001512       0x28 Core/Src/main.o
                0x0000000008001512                std::optional<kocherga::BootloaderController::AppDescriptor>::optional<kocherga::BootloaderController::AppDescriptor&, true>(kocherga::BootloaderController::AppDescriptor&)
                0x0000000008001512                std::optional<kocherga::BootloaderController::AppDescriptor>::optional<kocherga::BootloaderController::AppDescriptor&, true>(kocherga::BootloaderController::AppDescriptor&)
 .text._ZNSt17_Optional_payloadIN8kocherga20BootloaderController13AppDescriptorELb1ELb1EEC2Ev
                0x000000000800153a       0x1e Core/Src/main.o
                0x000000000800153a                std::_Optional_payload<kocherga::BootloaderController::AppDescriptor, true, true>::_Optional_payload()
                0x000000000800153a                std::_Optional_payload<kocherga::BootloaderController::AppDescriptor, true, true>::_Optional_payload()
 .text._ZNSt14_Optional_baseIN8kocherga20BootloaderController13AppDescriptorEEC2Ev
                0x0000000008001558       0x1a Core/Src/main.o
                0x0000000008001558                std::_Optional_base<kocherga::BootloaderController::AppDescriptor>::_Optional_base()
                0x0000000008001558                std::_Optional_base<kocherga::BootloaderController::AppDescriptor>::_Optional_base()
 .text._ZNKSt8optionalIN8kocherga20BootloaderController13AppDescriptorEEcvbEv
                0x0000000008001572       0x1a Core/Src/main.o
                0x0000000008001572                std::optional<kocherga::BootloaderController::AppDescriptor>::operator bool() const
 .text._ZSt7forwardIRKN8kocherga7AppInfoEEOT_RNSt16remove_referenceIS4_E4typeE
                0x000000000800158c       0x16 Core/Src/main.o
                0x000000000800158c                kocherga::AppInfo const& std::forward<kocherga::AppInfo const&>(std::remove_reference<kocherga::AppInfo const&>::type&)
 .text._ZNSt8optionalIN8kocherga7AppInfoEEaSIRKS1_EENSt9enable_ifIXsrSt6__and_IJSt6__not_ISt7is_sameIS2_NSt5decayIT_E4typeEEESt16is_constructibleIS1_JSB_EES8_IS7_IJSt9is_scalarIS1_ES9_IS1_SD_EEEESt13is_assignableIRS1_SB_EEE5valueERS2_E4typeEOSB_
                0x00000000080015a2       0x56 Core/Src/main.o
                0x00000000080015a2                std::enable_if<std::__and_<std::__not_<std::is_same<std::optional<kocherga::AppInfo>, std::decay<kocherga::AppInfo const&>::type> >, std::is_constructible<kocherga::AppInfo, kocherga::AppInfo const&>, std::__not_<std::__and_<std::is_scalar<kocherga::AppInfo>, std::is_same<kocherga::AppInfo, std::decay<kocherga::AppInfo const&>::type> > >, std::is_assignable<kocherga::AppInfo&, kocherga::AppInfo const&> >::value, std::optional<kocherga::AppInfo>&>::type std::optional<kocherga::AppInfo>::operator=<kocherga::AppInfo const&>(kocherga::AppInfo const&)
 .text._ZNSt8optionalIN8kocherga7AppInfoEE5resetEv
                0x00000000080015f8       0x18 Core/Src/main.o
                0x00000000080015f8                std::optional<kocherga::AppInfo>::reset()
 .text._ZNSt17_Optional_payloadIN8kocherga7AppInfoELb1ELb1EEC2Ev
                0x0000000008001610       0x1c Core/Src/main.o
                0x0000000008001610                std::_Optional_payload<kocherga::AppInfo, true, true>::_Optional_payload()
                0x0000000008001610                std::_Optional_payload<kocherga::AppInfo, true, true>::_Optional_payload()
 .text._ZNSt14_Optional_baseIN8kocherga7AppInfoEEC2Ev
                0x000000000800162c       0x1a Core/Src/main.o
                0x000000000800162c                std::_Optional_base<kocherga::AppInfo>::_Optional_base()
                0x000000000800162c                std::_Optional_base<kocherga::AppInfo>::_Optional_base()
 .text._ZNSt6chrono8durationIxSt5ratioILx1ELx1000000EEEC2ImvEERKT_
                0x0000000008001646       0x24 Core/Src/main.o
                0x0000000008001646                std::chrono::duration<long long, std::ratio<1ll, 1000000ll> >::duration<unsigned long, void>(unsigned long const&)
                0x0000000008001646                std::chrono::duration<long long, std::ratio<1ll, 1000000ll> >::duration<unsigned long, void>(unsigned long const&)
 .text._ZNKSt5arrayIhLj8EE3endEv
                0x000000000800166a       0x1a Core/Src/main.o
                0x000000000800166a                std::array<unsigned char, 8u>::end() const
 .text._ZSt12__niter_baseIPKhET_S2_
                0x0000000008001684       0x16 Core/Src/main.o
                0x0000000008001684                unsigned char const* std::__niter_base<unsigned char const*>(unsigned char const*)
 .text._ZSt11__equal_auxIPKhS1_EbT_S2_T0_
                0x000000000800169a       0x24 Core/Src/main.o
                0x000000000800169a                bool std::__equal_aux<unsigned char const*, unsigned char const*>(unsigned char const*, unsigned char const*, unsigned char const*)
 .text._ZSt12__niter_baseIPhET_S1_
                0x00000000080016be       0x16 Core/Src/main.o
                0x00000000080016be                unsigned char* std::__niter_base<unsigned char*>(unsigned char*)
 .text._ZSt11__equal_auxIPhPKhEbT_S3_T0_
                0x00000000080016d4       0x24 Core/Src/main.o
                0x00000000080016d4                bool std::__equal_aux<unsigned char*, unsigned char const*>(unsigned char*, unsigned char*, unsigned char const*)
 .text._ZNSt14__array_traitsIhLj1024EE6_S_ptrERA1024_Kh
                0x00000000080016f8       0x16 Core/Src/main.o
                0x00000000080016f8                std::__array_traits<unsigned char, 1024u>::_S_ptr(unsigned char const (&) [1024])
 .text._ZNSt17_Optional_payloadIN8kocherga20BootloaderController13AppDescriptorELb1ELb1EEC2IJRS2_EEESt10in_place_tDpOT_
                0x000000000800170e       0x38 Core/Src/main.o
                0x000000000800170e                std::_Optional_payload<kocherga::BootloaderController::AppDescriptor, true, true>::_Optional_payload<kocherga::BootloaderController::AppDescriptor&>(std::in_place_t, kocherga::BootloaderController::AppDescriptor&)
                0x000000000800170e                std::_Optional_payload<kocherga::BootloaderController::AppDescriptor, true, true>::_Optional_payload<kocherga::BootloaderController::AppDescriptor&>(std::in_place_t, kocherga::BootloaderController::AppDescriptor&)
 .text._ZNSt14_Optional_baseIN8kocherga20BootloaderController13AppDescriptorEEC2IJRS2_ELb0EEESt10in_place_tDpOT_
                0x0000000008001746       0x2a Core/Src/main.o
                0x0000000008001746                std::_Optional_base<kocherga::BootloaderController::AppDescriptor>::_Optional_base<kocherga::BootloaderController::AppDescriptor&, false>(std::in_place_t, kocherga::BootloaderController::AppDescriptor&)
                0x0000000008001746                std::_Optional_base<kocherga::BootloaderController::AppDescriptor>::_Optional_base<kocherga::BootloaderController::AppDescriptor&, false>(std::in_place_t, kocherga::BootloaderController::AppDescriptor&)
 .text._ZNKSt14_Optional_baseIN8kocherga20BootloaderController13AppDescriptorEE13_M_is_engagedEv
                0x0000000008001770       0x1a Core/Src/main.o
                0x0000000008001770                std::_Optional_base<kocherga::BootloaderController::AppDescriptor>::_M_is_engaged() const
 .text._ZNKSt14_Optional_baseIN8kocherga7AppInfoEE13_M_is_engagedEv
                0x000000000800178a       0x18 Core/Src/main.o
                0x000000000800178a                std::_Optional_base<kocherga::AppInfo>::_M_is_engaged() const
 .text._ZNSt14_Optional_baseIN8kocherga7AppInfoEE6_M_getEv
                0x00000000080017a2       0x16 Core/Src/main.o
                0x00000000080017a2                std::_Optional_base<kocherga::AppInfo>::_M_get()
 .text._ZNSt14_Optional_baseIN8kocherga7AppInfoEE12_M_constructIJRKS1_EEEvDpOT_
                0x00000000080017b8       0x42 Core/Src/main.o
                0x00000000080017b8                void std::_Optional_base<kocherga::AppInfo>::_M_construct<kocherga::AppInfo const&>(kocherga::AppInfo const&)
 .text._ZNSt14_Optional_baseIN8kocherga7AppInfoEE8_M_resetEv
                0x00000000080017fa       0x1e Core/Src/main.o
                0x00000000080017fa                std::_Optional_base<kocherga::AppInfo>::_M_reset()
 .text._ZNSt7__equalILb1EE5equalIhEEbPKT_S4_S4_
                0x0000000008001818       0x3c Core/Src/main.o
                0x0000000008001818                bool std::__equal<true>::equal<unsigned char>(unsigned char const*, unsigned char const*, unsigned char const*)
 .text._ZSt11__addressofIN8kocherga7AppInfoEEPT_RS2_
                0x0000000008001854       0x16 Core/Src/main.o
                0x0000000008001854                kocherga::AppInfo* std::__addressof<kocherga::AppInfo>(kocherga::AppInfo&)
 .text._ZNSt14_Optional_baseIN8kocherga7AppInfoEE11_M_destructEv
                0x000000000800186a       0x1a Core/Src/main.o
                0x000000000800186a                std::_Optional_base<kocherga::AppInfo>::_M_destruct()
 .text._ZN16STM32IROMBackendD2Ev
                0x0000000008001884       0x24 Core/Src/main.o
                0x0000000008001884                STM32IROMBackend::~STM32IROMBackend()
                0x0000000008001884                STM32IROMBackend::~STM32IROMBackend()
 .text._ZN16STM32IROMBackendD0Ev
                0x00000000080018a8       0x20 Core/Src/main.o
                0x00000000080018a8                STM32IROMBackend::~STM32IROMBackend()
 .text._ZN13STM32PlatformD2Ev
                0x00000000080018c8       0x24 Core/Src/main.o
                0x00000000080018c8                STM32Platform::~STM32Platform()
                0x00000000080018c8                STM32Platform::~STM32Platform()
 .text._ZN13STM32PlatformD0Ev
                0x00000000080018ec       0x20 Core/Src/main.o
                0x00000000080018ec                STM32Platform::~STM32Platform()
 .text.HAL_MspInit
                0x000000000800190c       0x50 Core/Src/stm32f4xx_hal_msp.o
                0x000000000800190c                HAL_MspInit
 .text.HAL_UART_MspInit
                0x000000000800195c       0x90 Core/Src/stm32f4xx_hal_msp.o
                0x000000000800195c                HAL_UART_MspInit
 .text.NMI_Handler
                0x00000000080019ec        0xe Core/Src/stm32f4xx_it.o
                0x00000000080019ec                NMI_Handler
 .text.HardFault_Handler
                0x00000000080019fa        0x6 Core/Src/stm32f4xx_it.o
                0x00000000080019fa                HardFault_Handler
 .text.MemManage_Handler
                0x0000000008001a00        0x6 Core/Src/stm32f4xx_it.o
                0x0000000008001a00                MemManage_Handler
 .text.BusFault_Handler
                0x0000000008001a06        0x6 Core/Src/stm32f4xx_it.o
                0x0000000008001a06                BusFault_Handler
 .text.UsageFault_Handler
                0x0000000008001a0c        0x6 Core/Src/stm32f4xx_it.o
                0x0000000008001a0c                UsageFault_Handler
 .text.SVC_Handler
                0x0000000008001a12        0xe Core/Src/stm32f4xx_it.o
                0x0000000008001a12                SVC_Handler
 .text.DebugMon_Handler
                0x0000000008001a20        0xe Core/Src/stm32f4xx_it.o
                0x0000000008001a20                DebugMon_Handler
 .text.PendSV_Handler
                0x0000000008001a2e        0xe Core/Src/stm32f4xx_it.o
                0x0000000008001a2e                PendSV_Handler
 .text.SysTick_Handler
                0x0000000008001a3c        0xc Core/Src/stm32f4xx_it.o
                0x0000000008001a3c                SysTick_Handler
 .text.OTG_FS_IRQHandler
                0x0000000008001a48       0x14 Core/Src/stm32f4xx_it.o
                0x0000000008001a48                OTG_FS_IRQHandler
 .text._getpid  0x0000000008001a5c       0x10 Core/Src/syscalls.o
                0x0000000008001a5c                _getpid
 .text._kill    0x0000000008001a6c       0x20 Core/Src/syscalls.o
                0x0000000008001a6c                _kill
 .text._exit    0x0000000008001a8c       0x14 Core/Src/syscalls.o
                0x0000000008001a8c                _exit
 .text._read    0x0000000008001aa0       0x3a Core/Src/syscalls.o
                0x0000000008001aa0                _read
 .text._write   0x0000000008001ada       0x38 Core/Src/syscalls.o
                0x0000000008001ada                _write
 .text._close   0x0000000008001b12       0x18 Core/Src/syscalls.o
                0x0000000008001b12                _close
 .text._fstat   0x0000000008001b2a       0x20 Core/Src/syscalls.o
                0x0000000008001b2a                _fstat
 .text._isatty  0x0000000008001b4a       0x16 Core/Src/syscalls.o
                0x0000000008001b4a                _isatty
 .text._lseek   0x0000000008001b60       0x1a Core/Src/syscalls.o
                0x0000000008001b60                _lseek
 *fill*         0x0000000008001b7a        0x2 
 .text._sbrk    0x0000000008001b7c       0x58 Core/Src/sysmem.o
                0x0000000008001b7c                _sbrk
 .text.SystemInit
                0x0000000008001bd4       0x2c Core/Src/system_stm32f4xx.o
                0x0000000008001bd4                SystemInit
 .text.Reset_Handler
                0x0000000008001c00       0x50 Core/Startup/startup_stm32f407vgtx.o
                0x0000000008001c00                Reset_Handler
 .text.Default_Handler
                0x0000000008001c50        0x2 Core/Startup/startup_stm32f407vgtx.o
                0x0000000008001c50                RTC_Alarm_IRQHandler
                0x0000000008001c50                HASH_RNG_IRQHandler
                0x0000000008001c50                EXTI2_IRQHandler
                0x0000000008001c50                TIM8_CC_IRQHandler
                0x0000000008001c50                TIM1_CC_IRQHandler
                0x0000000008001c50                DMA2_Stream5_IRQHandler
                0x0000000008001c50                DMA1_Stream5_IRQHandler
                0x0000000008001c50                PVD_IRQHandler
                0x0000000008001c50                SDIO_IRQHandler
                0x0000000008001c50                TAMP_STAMP_IRQHandler
                0x0000000008001c50                CAN2_RX1_IRQHandler
                0x0000000008001c50                EXTI3_IRQHandler
                0x0000000008001c50                TIM8_TRG_COM_TIM14_IRQHandler
                0x0000000008001c50                TIM1_UP_TIM10_IRQHandler
                0x0000000008001c50                TIM8_UP_TIM13_IRQHandler
                0x0000000008001c50                I2C3_ER_IRQHandler
                0x0000000008001c50                EXTI0_IRQHandler
                0x0000000008001c50                I2C2_EV_IRQHandler
                0x0000000008001c50                DMA1_Stream2_IRQHandler
                0x0000000008001c50                CAN1_RX0_IRQHandler
                0x0000000008001c50                FPU_IRQHandler
                0x0000000008001c50                OTG_HS_WKUP_IRQHandler
                0x0000000008001c50                CAN2_SCE_IRQHandler
                0x0000000008001c50                DMA2_Stream2_IRQHandler
                0x0000000008001c50                SPI1_IRQHandler
                0x0000000008001c50                TIM6_DAC_IRQHandler
                0x0000000008001c50                TIM1_BRK_TIM9_IRQHandler
                0x0000000008001c50                DCMI_IRQHandler
                0x0000000008001c50                CAN2_RX0_IRQHandler
                0x0000000008001c50                DMA2_Stream3_IRQHandler
                0x0000000008001c50                USART6_IRQHandler
                0x0000000008001c50                USART3_IRQHandler
                0x0000000008001c50                CAN1_RX1_IRQHandler
                0x0000000008001c50                UART5_IRQHandler
                0x0000000008001c50                DMA2_Stream0_IRQHandler
                0x0000000008001c50                TIM4_IRQHandler
                0x0000000008001c50                I2C1_EV_IRQHandler
                0x0000000008001c50                DMA1_Stream6_IRQHandler
                0x0000000008001c50                DMA1_Stream1_IRQHandler
                0x0000000008001c50                UART4_IRQHandler
                0x0000000008001c50                TIM3_IRQHandler
                0x0000000008001c50                RCC_IRQHandler
                0x0000000008001c50                TIM8_BRK_TIM12_IRQHandler
                0x0000000008001c50                Default_Handler
                0x0000000008001c50                EXTI15_10_IRQHandler
                0x0000000008001c50                ADC_IRQHandler
                0x0000000008001c50                DMA1_Stream7_IRQHandler
                0x0000000008001c50                TIM7_IRQHandler
                0x0000000008001c50                CAN2_TX_IRQHandler
                0x0000000008001c50                TIM5_IRQHandler
                0x0000000008001c50                DMA2_Stream7_IRQHandler
                0x0000000008001c50                I2C3_EV_IRQHandler
                0x0000000008001c50                EXTI9_5_IRQHandler
                0x0000000008001c50                RTC_WKUP_IRQHandler
                0x0000000008001c50                ETH_WKUP_IRQHandler
                0x0000000008001c50                SPI2_IRQHandler
                0x0000000008001c50                OTG_HS_EP1_IN_IRQHandler
                0x0000000008001c50                DMA1_Stream0_IRQHandler
                0x0000000008001c50                CAN1_TX_IRQHandler
                0x0000000008001c50                EXTI4_IRQHandler
                0x0000000008001c50                FSMC_IRQHandler
                0x0000000008001c50                ETH_IRQHandler
                0x0000000008001c50                OTG_HS_EP1_OUT_IRQHandler
                0x0000000008001c50                WWDG_IRQHandler
                0x0000000008001c50                TIM2_IRQHandler
                0x0000000008001c50                OTG_FS_WKUP_IRQHandler
                0x0000000008001c50                TIM1_TRG_COM_TIM11_IRQHandler
                0x0000000008001c50                OTG_HS_IRQHandler
                0x0000000008001c50                EXTI1_IRQHandler
                0x0000000008001c50                USART2_IRQHandler
                0x0000000008001c50                I2C2_ER_IRQHandler
                0x0000000008001c50                DMA2_Stream1_IRQHandler
                0x0000000008001c50                CAN1_SCE_IRQHandler
                0x0000000008001c50                FLASH_IRQHandler
                0x0000000008001c50                DMA2_Stream4_IRQHandler
                0x0000000008001c50                USART1_IRQHandler
                0x0000000008001c50                SPI3_IRQHandler
                0x0000000008001c50                DMA1_Stream4_IRQHandler
                0x0000000008001c50                I2C1_ER_IRQHandler
                0x0000000008001c50                DMA2_Stream6_IRQHandler
                0x0000000008001c50                DMA1_Stream3_IRQHandler
 *fill*         0x0000000008001c52        0x2 
 .text.HAL_Init
                0x0000000008001c54       0x44 Drivers/STM32F4xx_HAL_Driver/Src/stm32f4xx_hal.o
                0x0000000008001c54                HAL_Init
 .text.HAL_InitTick
                0x0000000008001c98       0x60 Drivers/STM32F4xx_HAL_Driver/Src/stm32f4xx_hal.o
                0x0000000008001c98                HAL_InitTick
 .text.HAL_IncTick
                0x0000000008001cf8       0x28 Drivers/STM32F4xx_HAL_Driver/Src/stm32f4xx_hal.o
                0x0000000008001cf8                HAL_IncTick
 .text.HAL_GetTick
                0x0000000008001d20       0x18 Drivers/STM32F4xx_HAL_Driver/Src/stm32f4xx_hal.o
                0x0000000008001d20                HAL_GetTick
 .text.__NVIC_SetPriorityGrouping
                0x0000000008001d38       0x48 Drivers/STM32F4xx_HAL_Driver/Src/stm32f4xx_hal_cortex.o
 .text.__NVIC_GetPriorityGrouping
                0x0000000008001d80       0x1c Drivers/STM32F4xx_HAL_Driver/Src/stm32f4xx_hal_cortex.o
 .text.__NVIC_SetPriority
                0x0000000008001d9c       0x54 Drivers/STM32F4xx_HAL_Driver/Src/stm32f4xx_hal_cortex.o
 .text.NVIC_EncodePriority
                0x0000000008001df0       0x66 Drivers/STM32F4xx_HAL_Driver/Src/stm32f4xx_hal_cortex.o
 *fill*         0x0000000008001e56        0x2 
 .text.SysTick_Config
                0x0000000008001e58       0x44 Drivers/STM32F4xx_HAL_Driver/Src/stm32f4xx_hal_cortex.o
 .text.HAL_NVIC_SetPriorityGrouping
                0x0000000008001e9c       0x16 Drivers/STM32F4xx_HAL_Driver/Src/stm32f4xx_hal_cortex.o
                0x0000000008001e9c                HAL_NVIC_SetPriorityGrouping
 .text.HAL_NVIC_SetPriority
                0x0000000008001eb2       0x38 Drivers/STM32F4xx_HAL_Driver/Src/stm32f4xx_hal_cortex.o
                0x0000000008001eb2                HAL_NVIC_SetPriority
 .text.HAL_SYSTICK_Config
                0x0000000008001eea       0x18 Drivers/STM32F4xx_HAL_Driver/Src/stm32f4xx_hal_cortex.o
                0x0000000008001eea                HAL_SYSTICK_Config
 *fill*         0x0000000008001f02        0x2 
 .text.HAL_FLASH_Program
                0x0000000008001f04       0xa8 Drivers/STM32F4xx_HAL_Driver/Src/stm32f4xx_hal_flash.o
                0x0000000008001f04                HAL_FLASH_Program
 .text.HAL_FLASH_Unlock
                0x0000000008001fac       0x44 Drivers/STM32F4xx_HAL_Driver/Src/stm32f4xx_hal_flash.o
                0x0000000008001fac                HAL_FLASH_Unlock
 .text.HAL_FLASH_Lock
                0x0000000008001ff0       0x20 Drivers/STM32F4xx_HAL_Driver/Src/stm32f4xx_hal_flash.o
                0x0000000008001ff0                HAL_FLASH_Lock
 .text.FLASH_WaitForLastOperation
                0x0000000008002010       0x80 Drivers/STM32F4xx_HAL_Driver/Src/stm32f4xx_hal_flash.o
                0x0000000008002010                FLASH_WaitForLastOperation
 .text.FLASH_Program_DoubleWord
                0x0000000008002090       0x60 Drivers/STM32F4xx_HAL_Driver/Src/stm32f4xx_hal_flash.o
 .text.FLASH_Program_Word
                0x00000000080020f0       0x44 Drivers/STM32F4xx_HAL_Driver/Src/stm32f4xx_hal_flash.o
 .text.FLASH_Program_HalfWord
                0x0000000008002134       0x48 Drivers/STM32F4xx_HAL_Driver/Src/stm32f4xx_hal_flash.o
 .text.FLASH_Program_Byte
                0x000000000800217c       0x44 Drivers/STM32F4xx_HAL_Driver/Src/stm32f4xx_hal_flash.o
 .text.FLASH_SetErrorCode
                0x00000000080021c0       0xac Drivers/STM32F4xx_HAL_Driver/Src/stm32f4xx_hal_flash.o
 .text.HAL_FLASHEx_Erase
                0x000000000800226c       0xe0 Drivers/STM32F4xx_HAL_Driver/Src/stm32f4xx_hal_flash_ex.o
                0x000000000800226c                HAL_FLASHEx_Erase
 .text.FLASH_MassErase
                0x000000000800234c       0x48 Drivers/STM32F4xx_HAL_Driver/Src/stm32f4xx_hal_flash_ex.o
 .text.FLASH_Erase_Sector
                0x0000000008002394       0x90 Drivers/STM32F4xx_HAL_Driver/Src/stm32f4xx_hal_flash_ex.o
                0x0000000008002394                FLASH_Erase_Sector
 .text.FLASH_FlushCaches
                0x0000000008002424       0x8c Drivers/STM32F4xx_HAL_Driver/Src/stm32f4xx_hal_flash_ex.o
                0x0000000008002424                FLASH_FlushCaches
 .text.HAL_GPIO_Init
                0x00000000080024b0      0x334 Drivers/STM32F4xx_HAL_Driver/Src/stm32f4xx_hal_gpio.o
                0x00000000080024b0                HAL_GPIO_Init
 .text.HAL_GPIO_WritePin
                0x00000000080027e4       0x32 Drivers/STM32F4xx_HAL_Driver/Src/stm32f4xx_hal_gpio.o
                0x00000000080027e4                HAL_GPIO_WritePin
 .text.HAL_HCD_IRQHandler
                0x0000000008002816      0x20c Drivers/STM32F4xx_HAL_Driver/Src/stm32f4xx_hal_hcd.o
                0x0000000008002816                HAL_HCD_IRQHandler
 .text.HAL_HCD_Start
                0x0000000008002a22       0x46 Drivers/STM32F4xx_HAL_Driver/Src/stm32f4xx_hal_hcd.o
                0x0000000008002a22                HAL_HCD_Start
 .text.HAL_HCD_Stop
                0x0000000008002a68       0x3a Drivers/STM32F4xx_HAL_Driver/Src/stm32f4xx_hal_hcd.o
                0x0000000008002a68                HAL_HCD_Stop
 .text.HCD_HC_IN_IRQHandler
                0x0000000008002aa2      0x72e Drivers/STM32F4xx_HAL_Driver/Src/stm32f4xx_hal_hcd.o
 .text.HCD_HC_OUT_IRQHandler
                0x00000000080031d0      0x6ea Drivers/STM32F4xx_HAL_Driver/Src/stm32f4xx_hal_hcd.o
 *fill*         0x00000000080038ba        0x2 
 .text.HCD_RXQLVL_IRQHandler
                0x00000000080038bc      0x158 Drivers/STM32F4xx_HAL_Driver/Src/stm32f4xx_hal_hcd.o
 .text.HCD_Port_IRQHandler
                0x0000000008003a14      0x120 Drivers/STM32F4xx_HAL_Driver/Src/stm32f4xx_hal_hcd.o
 .text.HAL_RCC_OscConfig
                0x0000000008003b34      0x4e0 Drivers/STM32F4xx_HAL_Driver/Src/stm32f4xx_hal_rcc.o
                0x0000000008003b34                HAL_RCC_OscConfig
 .text.HAL_RCC_ClockConfig
                0x0000000008004014      0x1cc Drivers/STM32F4xx_HAL_Driver/Src/stm32f4xx_hal_rcc.o
                0x0000000008004014                HAL_RCC_ClockConfig
 .text.HAL_RCC_GetSysClockFreq
                0x00000000080041e0      0x1b0 Drivers/STM32F4xx_HAL_Driver/Src/stm32f4xx_hal_rcc.o
                0x00000000080041e0                HAL_RCC_GetSysClockFreq
 .text.HAL_RCC_GetHCLKFreq
                0x0000000008004390       0x18 Drivers/STM32F4xx_HAL_Driver/Src/stm32f4xx_hal_rcc.o
                0x0000000008004390                HAL_RCC_GetHCLKFreq
 .text.HAL_RCC_GetPCLK1Freq
                0x00000000080043a8       0x28 Drivers/STM32F4xx_HAL_Driver/Src/stm32f4xx_hal_rcc.o
                0x00000000080043a8                HAL_RCC_GetPCLK1Freq
 .text.HAL_RCC_GetPCLK2Freq
                0x00000000080043d0       0x28 Drivers/STM32F4xx_HAL_Driver/Src/stm32f4xx_hal_rcc.o
                0x00000000080043d0                HAL_RCC_GetPCLK2Freq
 .text.HAL_RCCEx_PeriphCLKConfig
                0x00000000080043f8      0x1c4 Drivers/STM32F4xx_HAL_Driver/Src/stm32f4xx_hal_rcc_ex.o
                0x00000000080043f8                HAL_RCCEx_PeriphCLKConfig
 .text.HAL_UART_Init
                0x00000000080045bc       0x9a Drivers/STM32F4xx_HAL_Driver/Src/stm32f4xx_hal_uart.o
                0x00000000080045bc                HAL_UART_Init
 *fill*         0x0000000008004656        0x2 
 .text.UART_SetConfig
                0x0000000008004658      0x6f8 Drivers/STM32F4xx_HAL_Driver/Src/stm32f4xx_hal_uart.o
 .text.USB_EnableGlobalInt
                0x0000000008004d50       0x22 Drivers/STM32F4xx_HAL_Driver/Src/stm32f4xx_ll_usb.o
                0x0000000008004d50                USB_EnableGlobalInt
 .text.USB_DisableGlobalInt
                0x0000000008004d72       0x22 Drivers/STM32F4xx_HAL_Driver/Src/stm32f4xx_ll_usb.o
                0x0000000008004d72                USB_DisableGlobalInt
 .text.USB_FlushTxFifo
                0x0000000008004d94       0x4c Drivers/STM32F4xx_HAL_Driver/Src/stm32f4xx_ll_usb.o
                0x0000000008004d94                USB_FlushTxFifo
 .text.USB_FlushRxFifo
                0x0000000008004de0       0x44 Drivers/STM32F4xx_HAL_Driver/Src/stm32f4xx_ll_usb.o
                0x0000000008004de0                USB_FlushRxFifo
 .text.USB_ReadPacket
                0x0000000008004e24       0x52 Drivers/STM32F4xx_HAL_Driver/Src/stm32f4xx_ll_usb.o
                0x0000000008004e24                USB_ReadPacket
 .text.USB_ReadInterrupts
                0x0000000008004e76       0x26 Drivers/STM32F4xx_HAL_Driver/Src/stm32f4xx_ll_usb.o
                0x0000000008004e76                USB_ReadInterrupts
 .text.USB_GetMode
                0x0000000008004e9c       0x1c Drivers/STM32F4xx_HAL_Driver/Src/stm32f4xx_ll_usb.o
                0x0000000008004e9c                USB_GetMode
 .text.USB_InitFSLSPClkSel
                0x0000000008004eb8       0x74 Drivers/STM32F4xx_HAL_Driver/Src/stm32f4xx_ll_usb.o
                0x0000000008004eb8                USB_InitFSLSPClkSel
 .text.USB_DriveVbus
                0x0000000008004f2c       0x72 Drivers/STM32F4xx_HAL_Driver/Src/stm32f4xx_ll_usb.o
                0x0000000008004f2c                USB_DriveVbus
 .text.USB_HC_ReadInterrupt
                0x0000000008004f9e       0x22 Drivers/STM32F4xx_HAL_Driver/Src/stm32f4xx_ll_usb.o
                0x0000000008004f9e                USB_HC_ReadInterrupt
 .text.USB_HC_Halt
                0x0000000008004fc0      0x1fe Drivers/STM32F4xx_HAL_Driver/Src/stm32f4xx_ll_usb.o
                0x0000000008004fc0                USB_HC_Halt
 .text.USB_StopHost
                0x00000000080051be      0x10c Drivers/STM32F4xx_HAL_Driver/Src/stm32f4xx_ll_usb.o
                0x00000000080051be                USB_StopHost
 .text.USBH_LL_IncTimer
                0x00000000080052ca       0x24 Middlewares/ST/STM32_USB_Host_Library/Core/Src/usbh_core.o
                0x00000000080052ca                USBH_LL_IncTimer
 .text.USBH_HandleSof
                0x00000000080052ee       0x30 Middlewares/ST/STM32_USB_Host_Library/Core/Src/usbh_core.o
 .text.USBH_LL_PortEnabled
                0x000000000800531e       0x1c Middlewares/ST/STM32_USB_Host_Library/Core/Src/usbh_core.o
                0x000000000800531e                USBH_LL_PortEnabled
 .text.USBH_LL_PortDisabled
                0x000000000800533a       0x1c Middlewares/ST/STM32_USB_Host_Library/Core/Src/usbh_core.o
                0x000000000800533a                USBH_LL_PortDisabled
 .text.USBH_LL_Connect
                0x0000000008005356       0x4c Middlewares/ST/STM32_USB_Host_Library/Core/Src/usbh_core.o
                0x0000000008005356                USBH_LL_Connect
 .text.USBH_LL_Disconnect
                0x00000000080053a2       0x5a Middlewares/ST/STM32_USB_Host_Library/Core/Src/usbh_core.o
                0x00000000080053a2                USBH_LL_Disconnect
 .text.USBH_FreePipe
                0x00000000080053fc       0x38 Middlewares/ST/STM32_USB_Host_Library/Core/Src/usbh_pipes.o
                0x00000000080053fc                USBH_FreePipe
 .text.HAL_HCD_SOF_Callback
                0x0000000008005434       0x1c USB_HOST/Target/usbh_conf.o
                0x0000000008005434                HAL_HCD_SOF_Callback
 .text.HAL_HCD_Connect_Callback
                0x0000000008005450       0x1c USB_HOST/Target/usbh_conf.o
                0x0000000008005450                HAL_HCD_Connect_Callback
 .text.HAL_HCD_Disconnect_Callback
                0x000000000800546c       0x1c USB_HOST/Target/usbh_conf.o
                0x000000000800546c                HAL_HCD_Disconnect_Callback
 .text.HAL_HCD_HC_NotifyURBChange_Callback
                0x0000000008005488       0x1c USB_HOST/Target/usbh_conf.o
                0x0000000008005488                HAL_HCD_HC_NotifyURBChange_Callback
 .text.HAL_HCD_PortEnabled_Callback
                0x00000000080054a4       0x1c USB_HOST/Target/usbh_conf.o
                0x00000000080054a4                HAL_HCD_PortEnabled_Callback
 .text.HAL_HCD_PortDisabled_Callback
                0x00000000080054c0       0x1c USB_HOST/Target/usbh_conf.o
                0x00000000080054c0                HAL_HCD_PortDisabled_Callback
 .text.USBH_LL_Start
                0x00000000080054dc       0x36 USB_HOST/Target/usbh_conf.o
                0x00000000080054dc                USBH_LL_Start
 .text.USBH_LL_Stop
                0x0000000008005512       0x36 USB_HOST/Target/usbh_conf.o
                0x0000000008005512                USBH_LL_Stop
 .text.USBH_Get_USB_Status
                0x0000000008005548       0x58 USB_HOST/Target/usbh_conf.o
                0x0000000008005548                USBH_Get_USB_Status
 .text.__cxa_pure_virtual
                0x00000000080055a0        0x6 /opt/st/stm32cubeide_1.2.0/plugins/com.st.stm32cube.ide.mcu.externaltools.gnu-arm-embedded.7-2018-q2-update.linux64_1.0.0.201904120901/tools/bin/../lib/gcc/arm-none-eabi/7.3.1/../../../../arm-none-eabi/lib/thumb/v7e-m/fpv4-sp/hard/libstdc++_nano.a(pure.o)
                0x00000000080055a0                __cxa_pure_virtual
 .text._ZN10__cxxabiv111__terminateEPFvvE
                0x00000000080055a6        0x8 /opt/st/stm32cubeide_1.2.0/plugins/com.st.stm32cube.ide.mcu.externaltools.gnu-arm-embedded.7-2018-q2-update.linux64_1.0.0.201904120901/tools/bin/../lib/gcc/arm-none-eabi/7.3.1/../../../../arm-none-eabi/lib/thumb/v7e-m/fpv4-sp/hard/libstdc++_nano.a(eh_terminate.o)
                0x00000000080055a6                __cxxabiv1::__terminate(void (*)())
 *fill*         0x00000000080055ae        0x2 
 .text._ZSt13get_terminatev
                0x00000000080055b0       0x10 /opt/st/stm32cubeide_1.2.0/plugins/com.st.stm32cube.ide.mcu.externaltools.gnu-arm-embedded.7-2018-q2-update.linux64_1.0.0.201904120901/tools/bin/../lib/gcc/arm-none-eabi/7.3.1/../../../../arm-none-eabi/lib/thumb/v7e-m/fpv4-sp/hard/libstdc++_nano.a(eh_terminate.o)
                0x00000000080055b0                std::get_terminate()
 .text._ZSt9terminatev
                0x00000000080055c0        0xa /opt/st/stm32cubeide_1.2.0/plugins/com.st.stm32cube.ide.mcu.externaltools.gnu-arm-embedded.7-2018-q2-update.linux64_1.0.0.201904120901/tools/bin/../lib/gcc/arm-none-eabi/7.3.1/../../../../arm-none-eabi/lib/thumb/v7e-m/fpv4-sp/hard/libstdc++_nano.a(eh_terminate.o)
                0x00000000080055c0                std::terminate()
 .text._ZdlPvj  0x00000000080055ca        0x4 /opt/st/stm32cubeide_1.2.0/plugins/com.st.stm32cube.ide.mcu.externaltools.gnu-arm-embedded.7-2018-q2-update.linux64_1.0.0.201904120901/tools/bin/../lib/gcc/arm-none-eabi/7.3.1/../../../../arm-none-eabi/lib/thumb/v7e-m/fpv4-sp/hard/libstdc++_nano.a(del_ops.o)
                0x00000000080055ca                operator delete(void*, unsigned int)
 .text._ZdlPv   0x00000000080055ce        0x4 /opt/st/stm32cubeide_1.2.0/plugins/com.st.stm32cube.ide.mcu.externaltools.gnu-arm-embedded.7-2018-q2-update.linux64_1.0.0.201904120901/tools/bin/../lib/gcc/arm-none-eabi/7.3.1/../../../../arm-none-eabi/lib/thumb/v7e-m/fpv4-sp/hard/libstdc++_nano.a(del_op.o)
                0x00000000080055ce                operator delete(void*)
 .text.abort    0x00000000080055d2        0xe /opt/st/stm32cubeide_1.2.0/plugins/com.st.stm32cube.ide.mcu.externaltools.gnu-arm-embedded.7-2018-q2-update.linux64_1.0.0.201904120901/tools/bin/../lib/gcc/arm-none-eabi/7.3.1/../../../../arm-none-eabi/lib/thumb/v7e-m/fpv4-sp/hard/libc_nano.a(lib_a-abort.o)
                0x00000000080055d2                abort
 .text.__assert_func
                0x00000000080055e0       0x3c /opt/st/stm32cubeide_1.2.0/plugins/com.st.stm32cube.ide.mcu.externaltools.gnu-arm-embedded.7-2018-q2-update.linux64_1.0.0.201904120901/tools/bin/../lib/gcc/arm-none-eabi/7.3.1/../../../../arm-none-eabi/lib/thumb/v7e-m/fpv4-sp/hard/libc_nano.a(lib_a-assert.o)
                0x00000000080055e0                __assert_func
 .text.__errno  0x000000000800561c        0xc /opt/st/stm32cubeide_1.2.0/plugins/com.st.stm32cube.ide.mcu.externaltools.gnu-arm-embedded.7-2018-q2-update.linux64_1.0.0.201904120901/tools/bin/../lib/gcc/arm-none-eabi/7.3.1/../../../../arm-none-eabi/lib/thumb/v7e-m/fpv4-sp/hard/libc_nano.a(lib_a-errno.o)
                0x000000000800561c                __errno
 .text.fprintf  0x0000000008005628       0x24 /opt/st/stm32cubeide_1.2.0/plugins/com.st.stm32cube.ide.mcu.externaltools.gnu-arm-embedded.7-2018-q2-update.linux64_1.0.0.201904120901/tools/bin/../lib/gcc/arm-none-eabi/7.3.1/../../../../arm-none-eabi/lib/thumb/v7e-m/fpv4-sp/hard/libc_nano.a(lib_a-fprintf.o)
                0x0000000008005628                fprintf
                0x0000000008005628                fiprintf
 .text.__libc_init_array
                0x000000000800564c       0x48 /opt/st/stm32cubeide_1.2.0/plugins/com.st.stm32cube.ide.mcu.externaltools.gnu-arm-embedded.7-2018-q2-update.linux64_1.0.0.201904120901/tools/bin/../lib/gcc/arm-none-eabi/7.3.1/../../../../arm-none-eabi/lib/thumb/v7e-m/fpv4-sp/hard/libc_nano.a(lib_a-init.o)
                0x000000000800564c                __libc_init_array
 .text.free     0x0000000008005694       0x10 /opt/st/stm32cubeide_1.2.0/plugins/com.st.stm32cube.ide.mcu.externaltools.gnu-arm-embedded.7-2018-q2-update.linux64_1.0.0.201904120901/tools/bin/../lib/gcc/arm-none-eabi/7.3.1/../../../../arm-none-eabi/lib/thumb/v7e-m/fpv4-sp/hard/libc_nano.a(lib_a-malloc.o)
                0x0000000008005694                free
 .text.memcmp   0x00000000080056a4       0x1e /opt/st/stm32cubeide_1.2.0/plugins/com.st.stm32cube.ide.mcu.externaltools.gnu-arm-embedded.7-2018-q2-update.linux64_1.0.0.201904120901/tools/bin/../lib/gcc/arm-none-eabi/7.3.1/../../../../arm-none-eabi/lib/thumb/v7e-m/fpv4-sp/hard/libc_nano.a(lib_a-memcmp.o)
                0x00000000080056a4                memcmp
 .text.memset   0x00000000080056c2       0x10 /opt/st/stm32cubeide_1.2.0/plugins/com.st.stm32cube.ide.mcu.externaltools.gnu-arm-embedded.7-2018-q2-update.linux64_1.0.0.201904120901/tools/bin/../lib/gcc/arm-none-eabi/7.3.1/../../../../arm-none-eabi/lib/thumb/v7e-m/fpv4-sp/hard/libc_nano.a(lib_a-memset.o)
                0x00000000080056c2                memset
 *fill*         0x00000000080056d2        0x2 
 .text._free_r  0x00000000080056d4       0x9c /opt/st/stm32cubeide_1.2.0/plugins/com.st.stm32cube.ide.mcu.externaltools.gnu-arm-embedded.7-2018-q2-update.linux64_1.0.0.201904120901/tools/bin/../lib/gcc/arm-none-eabi/7.3.1/../../../../arm-none-eabi/lib/thumb/v7e-m/fpv4-sp/hard/libc_nano.a(lib_a-nano-freer.o)
                0x00000000080056d4                _free_r
 .text._malloc_r
                0x0000000008005770       0xb4 /opt/st/stm32cubeide_1.2.0/plugins/com.st.stm32cube.ide.mcu.externaltools.gnu-arm-embedded.7-2018-q2-update.linux64_1.0.0.201904120901/tools/bin/../lib/gcc/arm-none-eabi/7.3.1/../../../../arm-none-eabi/lib/thumb/v7e-m/fpv4-sp/hard/libc_nano.a(lib_a-nano-mallocr.o)
                0x0000000008005770                _malloc_r
 .text.__sfputc_r
                0x0000000008005824       0x2e /opt/st/stm32cubeide_1.2.0/plugins/com.st.stm32cube.ide.mcu.externaltools.gnu-arm-embedded.7-2018-q2-update.linux64_1.0.0.201904120901/tools/bin/../lib/gcc/arm-none-eabi/7.3.1/../../../../arm-none-eabi/lib/thumb/v7e-m/fpv4-sp/hard/libc_nano.a(lib_a-nano-vfprintf.o)
 .text.__sfputs_r
                0x0000000008005852       0x24 /opt/st/stm32cubeide_1.2.0/plugins/com.st.stm32cube.ide.mcu.externaltools.gnu-arm-embedded.7-2018-q2-update.linux64_1.0.0.201904120901/tools/bin/../lib/gcc/arm-none-eabi/7.3.1/../../../../arm-none-eabi/lib/thumb/v7e-m/fpv4-sp/hard/libc_nano.a(lib_a-nano-vfprintf.o)
                0x0000000008005852                __sfputs_r
 *fill*         0x0000000008005876        0x2 
 .text._vfprintf_r
                0x0000000008005878      0x22c /opt/st/stm32cubeide_1.2.0/plugins/com.st.stm32cube.ide.mcu.externaltools.gnu-arm-embedded.7-2018-q2-update.linux64_1.0.0.201904120901/tools/bin/../lib/gcc/arm-none-eabi/7.3.1/../../../../arm-none-eabi/lib/thumb/v7e-m/fpv4-sp/hard/libc_nano.a(lib_a-nano-vfprintf.o)
                0x0000000008005878                _vfiprintf_r
                0x0000000008005878                _vfprintf_r
 .text._printf_common
                0x0000000008005aa4       0xea /opt/st/stm32cubeide_1.2.0/plugins/com.st.stm32cube.ide.mcu.externaltools.gnu-arm-embedded.7-2018-q2-update.linux64_1.0.0.201904120901/tools/bin/../lib/gcc/arm-none-eabi/7.3.1/../../../../arm-none-eabi/lib/thumb/v7e-m/fpv4-sp/hard/libc_nano.a(lib_a-nano-vfprintf_i.o)
                0x0000000008005aa4                _printf_common
 *fill*         0x0000000008005b8e        0x2 
 .text._printf_i
                0x0000000008005b90      0x224 /opt/st/stm32cubeide_1.2.0/plugins/com.st.stm32cube.ide.mcu.externaltools.gnu-arm-embedded.7-2018-q2-update.linux64_1.0.0.201904120901/tools/bin/../lib/gcc/arm-none-eabi/7.3.1/../../../../arm-none-eabi/lib/thumb/v7e-m/fpv4-sp/hard/libc_nano.a(lib_a-nano-vfprintf_i.o)
                0x0000000008005b90                _printf_i
 .text._sbrk_r  0x0000000008005db4       0x20 /opt/st/stm32cubeide_1.2.0/plugins/com.st.stm32cube.ide.mcu.externaltools.gnu-arm-embedded.7-2018-q2-update.linux64_1.0.0.201904120901/tools/bin/../lib/gcc/arm-none-eabi/7.3.1/../../../../arm-none-eabi/lib/thumb/v7e-m/fpv4-sp/hard/libc_nano.a(lib_a-sbrkr.o)
                0x0000000008005db4                _sbrk_r
 .text._raise_r
                0x0000000008005dd4       0x50 /opt/st/stm32cubeide_1.2.0/plugins/com.st.stm32cube.ide.mcu.externaltools.gnu-arm-embedded.7-2018-q2-update.linux64_1.0.0.201904120901/tools/bin/../lib/gcc/arm-none-eabi/7.3.1/../../../../arm-none-eabi/lib/thumb/v7e-m/fpv4-sp/hard/libc_nano.a(lib_a-signal.o)
                0x0000000008005dd4                _raise_r
 .text.raise    0x0000000008005e24       0x10 /opt/st/stm32cubeide_1.2.0/plugins/com.st.stm32cube.ide.mcu.externaltools.gnu-arm-embedded.7-2018-q2-update.linux64_1.0.0.201904120901/tools/bin/../lib/gcc/arm-none-eabi/7.3.1/../../../../arm-none-eabi/lib/thumb/v7e-m/fpv4-sp/hard/libc_nano.a(lib_a-signal.o)
                0x0000000008005e24                raise
 .text._kill_r  0x0000000008005e34       0x24 /opt/st/stm32cubeide_1.2.0/plugins/com.st.stm32cube.ide.mcu.externaltools.gnu-arm-embedded.7-2018-q2-update.linux64_1.0.0.201904120901/tools/bin/../lib/gcc/arm-none-eabi/7.3.1/../../../../arm-none-eabi/lib/thumb/v7e-m/fpv4-sp/hard/libc_nano.a(lib_a-signalr.o)
                0x0000000008005e34                _kill_r
 .text._getpid_r
                0x0000000008005e58        0x4 /opt/st/stm32cubeide_1.2.0/plugins/com.st.stm32cube.ide.mcu.externaltools.gnu-arm-embedded.7-2018-q2-update.linux64_1.0.0.201904120901/tools/bin/../lib/gcc/arm-none-eabi/7.3.1/../../../../arm-none-eabi/lib/thumb/v7e-m/fpv4-sp/hard/libc_nano.a(lib_a-signalr.o)
                0x0000000008005e58                _getpid_r
 .text.__swbuf_r
                0x0000000008005e5c       0xa4 /opt/st/stm32cubeide_1.2.0/plugins/com.st.stm32cube.ide.mcu.externaltools.gnu-arm-embedded.7-2018-q2-update.linux64_1.0.0.201904120901/tools/bin/../lib/gcc/arm-none-eabi/7.3.1/../../../../arm-none-eabi/lib/thumb/v7e-m/fpv4-sp/hard/libc_nano.a(lib_a-wbuf.o)
                0x0000000008005e5c                __swbuf_r
 .text.__swsetup_r
                0x0000000008005f00       0xdc /opt/st/stm32cubeide_1.2.0/plugins/com.st.stm32cube.ide.mcu.externaltools.gnu-arm-embedded.7-2018-q2-update.linux64_1.0.0.201904120901/tools/bin/../lib/gcc/arm-none-eabi/7.3.1/../../../../arm-none-eabi/lib/thumb/v7e-m/fpv4-sp/hard/libc_nano.a(lib_a-wsetup.o)
                0x0000000008005f00                __swsetup_r
 .text.__sflush_r
                0x0000000008005fdc      0x10c /opt/st/stm32cubeide_1.2.0/plugins/com.st.stm32cube.ide.mcu.externaltools.gnu-arm-embedded.7-2018-q2-update.linux64_1.0.0.201904120901/tools/bin/../lib/gcc/arm-none-eabi/7.3.1/../../../../arm-none-eabi/lib/thumb/v7e-m/fpv4-sp/hard/libc_nano.a(lib_a-fflush.o)
                0x0000000008005fdc                __sflush_r
 .text._fflush_r
                0x00000000080060e8       0x54 /opt/st/stm32cubeide_1.2.0/plugins/com.st.stm32cube.ide.mcu.externaltools.gnu-arm-embedded.7-2018-q2-update.linux64_1.0.0.201904120901/tools/bin/../lib/gcc/arm-none-eabi/7.3.1/../../../../arm-none-eabi/lib/thumb/v7e-m/fpv4-sp/hard/libc_nano.a(lib_a-fflush.o)
                0x00000000080060e8                _fflush_r
 .text.std      0x000000000800613c       0x48 /opt/st/stm32cubeide_1.2.0/plugins/com.st.stm32cube.ide.mcu.externaltools.gnu-arm-embedded.7-2018-q2-update.linux64_1.0.0.201904120901/tools/bin/../lib/gcc/arm-none-eabi/7.3.1/../../../../arm-none-eabi/lib/thumb/v7e-m/fpv4-sp/hard/libc_nano.a(lib_a-findfp.o)
 .text._cleanup_r
                0x0000000008006184        0xc /opt/st/stm32cubeide_1.2.0/plugins/com.st.stm32cube.ide.mcu.externaltools.gnu-arm-embedded.7-2018-q2-update.linux64_1.0.0.201904120901/tools/bin/../lib/gcc/arm-none-eabi/7.3.1/../../../../arm-none-eabi/lib/thumb/v7e-m/fpv4-sp/hard/libc_nano.a(lib_a-findfp.o)
                0x0000000008006184                _cleanup_r
 .text.__sfmoreglue
                0x0000000008006190       0x2c /opt/st/stm32cubeide_1.2.0/plugins/com.st.stm32cube.ide.mcu.externaltools.gnu-arm-embedded.7-2018-q2-update.linux64_1.0.0.201904120901/tools/bin/../lib/gcc/arm-none-eabi/7.3.1/../../../../arm-none-eabi/lib/thumb/v7e-m/fpv4-sp/hard/libc_nano.a(lib_a-findfp.o)
                0x0000000008006190                __sfmoreglue
 .text.__sinit  0x00000000080061bc       0x60 /opt/st/stm32cubeide_1.2.0/plugins/com.st.stm32cube.ide.mcu.externaltools.gnu-arm-embedded.7-2018-q2-update.linux64_1.0.0.201904120901/tools/bin/../lib/gcc/arm-none-eabi/7.3.1/../../../../arm-none-eabi/lib/thumb/v7e-m/fpv4-sp/hard/libc_nano.a(lib_a-findfp.o)
                0x00000000080061bc                __sinit
 .text.__sfp    0x000000000800621c       0x78 /opt/st/stm32cubeide_1.2.0/plugins/com.st.stm32cube.ide.mcu.externaltools.gnu-arm-embedded.7-2018-q2-update.linux64_1.0.0.201904120901/tools/bin/../lib/gcc/arm-none-eabi/7.3.1/../../../../arm-none-eabi/lib/thumb/v7e-m/fpv4-sp/hard/libc_nano.a(lib_a-findfp.o)
                0x000000000800621c                __sfp
 .text._fwalk_reent
                0x0000000008006294       0x3c /opt/st/stm32cubeide_1.2.0/plugins/com.st.stm32cube.ide.mcu.externaltools.gnu-arm-embedded.7-2018-q2-update.linux64_1.0.0.201904120901/tools/bin/../lib/gcc/arm-none-eabi/7.3.1/../../../../arm-none-eabi/lib/thumb/v7e-m/fpv4-sp/hard/libc_nano.a(lib_a-fwalk.o)
                0x0000000008006294                _fwalk_reent
 .text.__swhatbuf_r
                0x00000000080062d0       0x48 /opt/st/stm32cubeide_1.2.0/plugins/com.st.stm32cube.ide.mcu.externaltools.gnu-arm-embedded.7-2018-q2-update.linux64_1.0.0.201904120901/tools/bin/../lib/gcc/arm-none-eabi/7.3.1/../../../../arm-none-eabi/lib/thumb/v7e-m/fpv4-sp/hard/libc_nano.a(lib_a-makebuf.o)
                0x00000000080062d0                __swhatbuf_r
 .text.__smakebuf_r
                0x0000000008006318       0x80 /opt/st/stm32cubeide_1.2.0/plugins/com.st.stm32cube.ide.mcu.externaltools.gnu-arm-embedded.7-2018-q2-update.linux64_1.0.0.201904120901/tools/bin/../lib/gcc/arm-none-eabi/7.3.1/../../../../arm-none-eabi/lib/thumb/v7e-m/fpv4-sp/hard/libc_nano.a(lib_a-makebuf.o)
                0x0000000008006318                __smakebuf_r
 .text.__malloc_lock
                0x0000000008006398        0x2 /opt/st/stm32cubeide_1.2.0/plugins/com.st.stm32cube.ide.mcu.externaltools.gnu-arm-embedded.7-2018-q2-update.linux64_1.0.0.201904120901/tools/bin/../lib/gcc/arm-none-eabi/7.3.1/../../../../arm-none-eabi/lib/thumb/v7e-m/fpv4-sp/hard/libc_nano.a(lib_a-mlock.o)
                0x0000000008006398                __malloc_lock
 .text.__malloc_unlock
                0x000000000800639a        0x2 /opt/st/stm32cubeide_1.2.0/plugins/com.st.stm32cube.ide.mcu.externaltools.gnu-arm-embedded.7-2018-q2-update.linux64_1.0.0.201904120901/tools/bin/../lib/gcc/arm-none-eabi/7.3.1/../../../../arm-none-eabi/lib/thumb/v7e-m/fpv4-sp/hard/libc_nano.a(lib_a-mlock.o)
                0x000000000800639a                __malloc_unlock
 .text.__sread  0x000000000800639c       0x22 /opt/st/stm32cubeide_1.2.0/plugins/com.st.stm32cube.ide.mcu.externaltools.gnu-arm-embedded.7-2018-q2-update.linux64_1.0.0.201904120901/tools/bin/../lib/gcc/arm-none-eabi/7.3.1/../../../../arm-none-eabi/lib/thumb/v7e-m/fpv4-sp/hard/libc_nano.a(lib_a-stdio.o)
                0x000000000800639c                __sread
 .text.__swrite
                0x00000000080063be       0x38 /opt/st/stm32cubeide_1.2.0/plugins/com.st.stm32cube.ide.mcu.externaltools.gnu-arm-embedded.7-2018-q2-update.linux64_1.0.0.201904120901/tools/bin/../lib/gcc/arm-none-eabi/7.3.1/../../../../arm-none-eabi/lib/thumb/v7e-m/fpv4-sp/hard/libc_nano.a(lib_a-stdio.o)
                0x00000000080063be                __swrite
 .text.__sseek  0x00000000080063f6       0x24 /opt/st/stm32cubeide_1.2.0/plugins/com.st.stm32cube.ide.mcu.externaltools.gnu-arm-embedded.7-2018-q2-update.linux64_1.0.0.201904120901/tools/bin/../lib/gcc/arm-none-eabi/7.3.1/../../../../arm-none-eabi/lib/thumb/v7e-m/fpv4-sp/hard/libc_nano.a(lib_a-stdio.o)
                0x00000000080063f6                __sseek
 .text.__sclose
                0x000000000800641a        0x8 /opt/st/stm32cubeide_1.2.0/plugins/com.st.stm32cube.ide.mcu.externaltools.gnu-arm-embedded.7-2018-q2-update.linux64_1.0.0.201904120901/tools/bin/../lib/gcc/arm-none-eabi/7.3.1/../../../../arm-none-eabi/lib/thumb/v7e-m/fpv4-sp/hard/libc_nano.a(lib_a-stdio.o)
                0x000000000800641a                __sclose
 *fill*         0x0000000008006422        0x2 
 .text._write_r
                0x0000000008006424       0x24 /opt/st/stm32cubeide_1.2.0/plugins/com.st.stm32cube.ide.mcu.externaltools.gnu-arm-embedded.7-2018-q2-update.linux64_1.0.0.201904120901/tools/bin/../lib/gcc/arm-none-eabi/7.3.1/../../../../arm-none-eabi/lib/thumb/v7e-m/fpv4-sp/hard/libc_nano.a(lib_a-writer.o)
                0x0000000008006424                _write_r
 .text._close_r
                0x0000000008006448       0x20 /opt/st/stm32cubeide_1.2.0/plugins/com.st.stm32cube.ide.mcu.externaltools.gnu-arm-embedded.7-2018-q2-update.linux64_1.0.0.201904120901/tools/bin/../lib/gcc/arm-none-eabi/7.3.1/../../../../arm-none-eabi/lib/thumb/v7e-m/fpv4-sp/hard/libc_nano.a(lib_a-closer.o)
                0x0000000008006448                _close_r
 .text._fstat_r
                0x0000000008006468       0x24 /opt/st/stm32cubeide_1.2.0/plugins/com.st.stm32cube.ide.mcu.externaltools.gnu-arm-embedded.7-2018-q2-update.linux64_1.0.0.201904120901/tools/bin/../lib/gcc/arm-none-eabi/7.3.1/../../../../arm-none-eabi/lib/thumb/v7e-m/fpv4-sp/hard/libc_nano.a(lib_a-fstatr.o)
                0x0000000008006468                _fstat_r
 .text._isatty_r
                0x000000000800648c       0x20 /opt/st/stm32cubeide_1.2.0/plugins/com.st.stm32cube.ide.mcu.externaltools.gnu-arm-embedded.7-2018-q2-update.linux64_1.0.0.201904120901/tools/bin/../lib/gcc/arm-none-eabi/7.3.1/../../../../arm-none-eabi/lib/thumb/v7e-m/fpv4-sp/hard/libc_nano.a(lib_a-isattyr.o)
                0x000000000800648c                _isatty_r
 .text._lseek_r
                0x00000000080064ac       0x24 /opt/st/stm32cubeide_1.2.0/plugins/com.st.stm32cube.ide.mcu.externaltools.gnu-arm-embedded.7-2018-q2-update.linux64_1.0.0.201904120901/tools/bin/../lib/gcc/arm-none-eabi/7.3.1/../../../../arm-none-eabi/lib/thumb/v7e-m/fpv4-sp/hard/libc_nano.a(lib_a-lseekr.o)
                0x00000000080064ac                _lseek_r
 .text._read_r  0x00000000080064d0       0x24 /opt/st/stm32cubeide_1.2.0/plugins/com.st.stm32cube.ide.mcu.externaltools.gnu-arm-embedded.7-2018-q2-update.linux64_1.0.0.201904120901/tools/bin/../lib/gcc/arm-none-eabi/7.3.1/../../../../arm-none-eabi/lib/thumb/v7e-m/fpv4-sp/hard/libc_nano.a(lib_a-readr.o)
                0x00000000080064d0                _read_r
 *(.glue_7)
 .glue_7        0x00000000080064f4        0x0 linker stubs
 *(.glue_7t)
 .glue_7t       0x00000000080064f4        0x0 linker stubs
 *(.eh_frame)
 .eh_frame      0x00000000080064f4        0x0 /opt/st/stm32cubeide_1.2.0/plugins/com.st.stm32cube.ide.mcu.externaltools.gnu-arm-embedded.7-2018-q2-update.linux64_1.0.0.201904120901/tools/bin/../lib/gcc/arm-none-eabi/7.3.1/thumb/v7e-m/fpv4-sp/hard/crtbegin.o
 *(.init)
 .init          0x00000000080064f4        0x4 /opt/st/stm32cubeide_1.2.0/plugins/com.st.stm32cube.ide.mcu.externaltools.gnu-arm-embedded.7-2018-q2-update.linux64_1.0.0.201904120901/tools/bin/../lib/gcc/arm-none-eabi/7.3.1/thumb/v7e-m/fpv4-sp/hard/crti.o
                0x00000000080064f4                _init
 .init          0x00000000080064f8        0x8 /opt/st/stm32cubeide_1.2.0/plugins/com.st.stm32cube.ide.mcu.externaltools.gnu-arm-embedded.7-2018-q2-update.linux64_1.0.0.201904120901/tools/bin/../lib/gcc/arm-none-eabi/7.3.1/thumb/v7e-m/fpv4-sp/hard/crtn.o
 *(.fini)
 .fini          0x0000000008006500        0x4 /opt/st/stm32cubeide_1.2.0/plugins/com.st.stm32cube.ide.mcu.externaltools.gnu-arm-embedded.7-2018-q2-update.linux64_1.0.0.201904120901/tools/bin/../lib/gcc/arm-none-eabi/7.3.1/thumb/v7e-m/fpv4-sp/hard/crti.o
                0x0000000008006500                _fini
 .fini          0x0000000008006504        0x8 /opt/st/stm32cubeide_1.2.0/plugins/com.st.stm32cube.ide.mcu.externaltools.gnu-arm-embedded.7-2018-q2-update.linux64_1.0.0.201904120901/tools/bin/../lib/gcc/arm-none-eabi/7.3.1/thumb/v7e-m/fpv4-sp/hard/crtn.o
                0x000000000800650c                . = ALIGN (0x4)
                0x000000000800650c                _etext = .

.vfp11_veneer   0x000000000800650c        0x0
 .vfp11_veneer  0x000000000800650c        0x0 linker stubs

.v4_bx          0x000000000800650c        0x0
 .v4_bx         0x000000000800650c        0x0 linker stubs

.iplt           0x000000000800650c        0x0
 .iplt          0x000000000800650c        0x0 /opt/st/stm32cubeide_1.2.0/plugins/com.st.stm32cube.ide.mcu.externaltools.gnu-arm-embedded.7-2018-q2-update.linux64_1.0.0.201904120901/tools/bin/../lib/gcc/arm-none-eabi/7.3.1/thumb/v7e-m/fpv4-sp/hard/crtbegin.o

.rodata         0x000000000800650c      0x1d8
                0x000000000800650c                . = ALIGN (0x4)
 *(.rodata)
 .rodata        0x000000000800650c       0x38 Core/Src/main.o
 *(.rodata*)
 .rodata._ZZN8kocherga20BootloaderController19locateAppDescriptorEvE5dummy
                0x0000000008006544        0x8 Core/Src/main.o
                0x0000000008006544                kocherga::BootloaderController::locateAppDescriptor()::dummy
 .rodata._ZTV16STM32IROMBackend
                0x000000000800654c       0x20 Core/Src/main.o
                0x000000000800654c                vtable for STM32IROMBackend
 .rodata._ZTV13STM32Platform
                0x000000000800656c       0x1c Core/Src/main.o
                0x000000000800656c                vtable for STM32Platform
 .rodata._ZTVN8kocherga11IROMBackendE
                0x0000000008006588       0x20 Core/Src/main.o
                0x0000000008006588                vtable for kocherga::IROMBackend
 .rodata._ZTVN8kocherga9IPlatformE
                0x00000000080065a8       0x1c Core/Src/main.o
                0x00000000080065a8                vtable for kocherga::IPlatform
 .rodata._ZZN8kocherga5CRC643addEPKvjE19__PRETTY_FUNCTION__
                0x00000000080065c4       0x34 Core/Src/main.o
 .rodata.AHBPrescTable
                0x00000000080065f8       0x10 Core/Src/system_stm32f4xx.o
                0x00000000080065f8                AHBPrescTable
 .rodata.APBPrescTable
                0x0000000008006608        0x8 Core/Src/system_stm32f4xx.o
                0x0000000008006608                APBPrescTable
 .rodata.__assert_func.str1.1
                0x0000000008006610       0x3c /opt/st/stm32cubeide_1.2.0/plugins/com.st.stm32cube.ide.mcu.externaltools.gnu-arm-embedded.7-2018-q2-update.linux64_1.0.0.201904120901/tools/bin/../lib/gcc/arm-none-eabi/7.3.1/../../../../arm-none-eabi/lib/thumb/v7e-m/fpv4-sp/hard/libc_nano.a(lib_a-assert.o)
                                         0x3d (size before relaxing)
 .rodata._global_impure_ptr
                0x000000000800664c        0x4 /opt/st/stm32cubeide_1.2.0/plugins/com.st.stm32cube.ide.mcu.externaltools.gnu-arm-embedded.7-2018-q2-update.linux64_1.0.0.201904120901/tools/bin/../lib/gcc/arm-none-eabi/7.3.1/../../../../arm-none-eabi/lib/thumb/v7e-m/fpv4-sp/hard/libc_nano.a(lib_a-impure.o)
                0x000000000800664c                _global_impure_ptr
 .rodata._vfprintf_r.str1.1
                0x0000000008006650       0x11 /opt/st/stm32cubeide_1.2.0/plugins/com.st.stm32cube.ide.mcu.externaltools.gnu-arm-embedded.7-2018-q2-update.linux64_1.0.0.201904120901/tools/bin/../lib/gcc/arm-none-eabi/7.3.1/../../../../arm-none-eabi/lib/thumb/v7e-m/fpv4-sp/hard/libc_nano.a(lib_a-nano-vfprintf.o)
 .rodata._printf_i.str1.1
                0x0000000008006661       0x22 /opt/st/stm32cubeide_1.2.0/plugins/com.st.stm32cube.ide.mcu.externaltools.gnu-arm-embedded.7-2018-q2-update.linux64_1.0.0.201904120901/tools/bin/../lib/gcc/arm-none-eabi/7.3.1/../../../../arm-none-eabi/lib/thumb/v7e-m/fpv4-sp/hard/libc_nano.a(lib_a-nano-vfprintf_i.o)
 *fill*         0x0000000008006683        0x1 
 .rodata.__sf_fake_stderr
                0x0000000008006684       0x20 /opt/st/stm32cubeide_1.2.0/plugins/com.st.stm32cube.ide.mcu.externaltools.gnu-arm-embedded.7-2018-q2-update.linux64_1.0.0.201904120901/tools/bin/../lib/gcc/arm-none-eabi/7.3.1/../../../../arm-none-eabi/lib/thumb/v7e-m/fpv4-sp/hard/libc_nano.a(lib_a-findfp.o)
                0x0000000008006684                __sf_fake_stderr
 .rodata.__sf_fake_stdin
                0x00000000080066a4       0x20 /opt/st/stm32cubeide_1.2.0/plugins/com.st.stm32cube.ide.mcu.externaltools.gnu-arm-embedded.7-2018-q2-update.linux64_1.0.0.201904120901/tools/bin/../lib/gcc/arm-none-eabi/7.3.1/../../../../arm-none-eabi/lib/thumb/v7e-m/fpv4-sp/hard/libc_nano.a(lib_a-findfp.o)
                0x00000000080066a4                __sf_fake_stdin
 .rodata.__sf_fake_stdout
                0x00000000080066c4       0x20 /opt/st/stm32cubeide_1.2.0/plugins/com.st.stm32cube.ide.mcu.externaltools.gnu-arm-embedded.7-2018-q2-update.linux64_1.0.0.201904120901/tools/bin/../lib/gcc/arm-none-eabi/7.3.1/../../../../arm-none-eabi/lib/thumb/v7e-m/fpv4-sp/hard/libc_nano.a(lib_a-findfp.o)
                0x00000000080066c4                __sf_fake_stdout
                0x00000000080066e4                . = ALIGN (0x4)

.ARM.extab      0x00000000080066e4        0x0
                0x00000000080066e4                . = ALIGN (0x4)
 *(.ARM.extab* .gnu.linkonce.armextab.*)
                0x00000000080066e4                . = ALIGN (0x4)

.ARM            0x00000000080066e4        0x8
                0x00000000080066e4                . = ALIGN (0x4)
                0x00000000080066e4                __exidx_start = .
 *(.ARM.exidx*)
 .ARM.exidx     0x00000000080066e4        0x8 /opt/st/stm32cubeide_1.2.0/plugins/com.st.stm32cube.ide.mcu.externaltools.gnu-arm-embedded.7-2018-q2-update.linux64_1.0.0.201904120901/tools/bin/../lib/gcc/arm-none-eabi/7.3.1/thumb/v7e-m/fpv4-sp/hard/libgcc.a(_udivmoddi4.o)
                0x00000000080066ec                __exidx_end = .
                0x00000000080066ec                . = ALIGN (0x4)

.rel.dyn        0x00000000080066ec        0x0
 .rel.iplt      0x00000000080066ec        0x0 /opt/st/stm32cubeide_1.2.0/plugins/com.st.stm32cube.ide.mcu.externaltools.gnu-arm-embedded.7-2018-q2-update.linux64_1.0.0.201904120901/tools/bin/../lib/gcc/arm-none-eabi/7.3.1/thumb/v7e-m/fpv4-sp/hard/crtbegin.o

.preinit_array  0x00000000080066ec        0x0
                0x00000000080066ec                . = ALIGN (0x4)
                0x00000000080066ec                PROVIDE (__preinit_array_start = .)
 *(.preinit_array*)
                0x00000000080066ec                PROVIDE (__preinit_array_end = .)
                0x00000000080066ec                . = ALIGN (0x4)

.init_array     0x00000000080066ec        0x4
                0x00000000080066ec                . = ALIGN (0x4)
                0x00000000080066ec                PROVIDE (__init_array_start = .)
 *(SORT_BY_NAME(.init_array.*))
 *(.init_array*)
 .init_array    0x00000000080066ec        0x4 /opt/st/stm32cubeide_1.2.0/plugins/com.st.stm32cube.ide.mcu.externaltools.gnu-arm-embedded.7-2018-q2-update.linux64_1.0.0.201904120901/tools/bin/../lib/gcc/arm-none-eabi/7.3.1/thumb/v7e-m/fpv4-sp/hard/crtbegin.o
                0x00000000080066f0                PROVIDE (__init_array_end = .)
                0x00000000080066f0                . = ALIGN (0x4)

.fini_array     0x00000000080066f0        0x4
                0x00000000080066f0                . = ALIGN (0x4)
                [!provide]                        PROVIDE (__fini_array_start = .)
 *(SORT_BY_NAME(.fini_array.*))
 *(.fini_array*)
 .fini_array    0x00000000080066f0        0x4 /opt/st/stm32cubeide_1.2.0/plugins/com.st.stm32cube.ide.mcu.externaltools.gnu-arm-embedded.7-2018-q2-update.linux64_1.0.0.201904120901/tools/bin/../lib/gcc/arm-none-eabi/7.3.1/thumb/v7e-m/fpv4-sp/hard/crtbegin.o
                [!provide]                        PROVIDE (__fini_array_end = .)
                0x00000000080066f4                . = ALIGN (0x4)
                0x00000000080066f4                _sidata = LOADADDR (.data)

.data           0x0000000020000000       0x74 load address 0x00000000080066f4
                0x0000000020000000                . = ALIGN (0x4)
                0x0000000020000000                _sdata = .
 *(.data)
 *(.data*)
 .data.SystemCoreClock
                0x0000000020000000        0x4 Core/Src/system_stm32f4xx.o
                0x0000000020000000                SystemCoreClock
 .data.uwTickPrio
                0x0000000020000004        0x4 Drivers/STM32F4xx_HAL_Driver/Src/stm32f4xx_hal.o
                0x0000000020000004                uwTickPrio
 .data.uwTickFreq
                0x0000000020000008        0x1 Drivers/STM32F4xx_HAL_Driver/Src/stm32f4xx_hal.o
                0x0000000020000008                uwTickFreq
 *fill*         0x0000000020000009        0x3 
 .data._ZN10__cxxabiv119__terminate_handlerE
                0x000000002000000c        0x4 /opt/st/stm32cubeide_1.2.0/plugins/com.st.stm32cube.ide.mcu.externaltools.gnu-arm-embedded.7-2018-q2-update.linux64_1.0.0.201904120901/tools/bin/../lib/gcc/arm-none-eabi/7.3.1/../../../../arm-none-eabi/lib/thumb/v7e-m/fpv4-sp/hard/libstdc++_nano.a(eh_term_handler.o)
                0x000000002000000c                __cxxabiv1::__terminate_handler
 .data._impure_ptr
                0x0000000020000010        0x4 /opt/st/stm32cubeide_1.2.0/plugins/com.st.stm32cube.ide.mcu.externaltools.gnu-arm-embedded.7-2018-q2-update.linux64_1.0.0.201904120901/tools/bin/../lib/gcc/arm-none-eabi/7.3.1/../../../../arm-none-eabi/lib/thumb/v7e-m/fpv4-sp/hard/libc_nano.a(lib_a-impure.o)
                0x0000000020000010                _impure_ptr
 .data.impure_data
                0x0000000020000014       0x60 /opt/st/stm32cubeide_1.2.0/plugins/com.st.stm32cube.ide.mcu.externaltools.gnu-arm-embedded.7-2018-q2-update.linux64_1.0.0.201904120901/tools/bin/../lib/gcc/arm-none-eabi/7.3.1/../../../../arm-none-eabi/lib/thumb/v7e-m/fpv4-sp/hard/libc_nano.a(lib_a-impure.o)
                0x0000000020000074                . = ALIGN (0x4)
                0x0000000020000074                _edata = .

.igot.plt       0x0000000020000074        0x0 load address 0x0000000008006768
 .igot.plt      0x0000000020000074        0x0 /opt/st/stm32cubeide_1.2.0/plugins/com.st.stm32cube.ide.mcu.externaltools.gnu-arm-embedded.7-2018-q2-update.linux64_1.0.0.201904120901/tools/bin/../lib/gcc/arm-none-eabi/7.3.1/thumb/v7e-m/fpv4-sp/hard/crtbegin.o
                0x0000000020000074                . = ALIGN (0x4)

.bss            0x0000000020000074      0x354 load address 0x0000000008006768
                0x0000000020000074                _sbss = .
                0x0000000020000074                __bss_start__ = _sbss
 *(.bss)
 .bss           0x0000000020000074       0x1c /opt/st/stm32cubeide_1.2.0/plugins/com.st.stm32cube.ide.mcu.externaltools.gnu-arm-embedded.7-2018-q2-update.linux64_1.0.0.201904120901/tools/bin/../lib/gcc/arm-none-eabi/7.3.1/thumb/v7e-m/fpv4-sp/hard/crtbegin.o
 *(.bss*)
 .bss.huart1    0x0000000020000090       0x40 Core/Src/main.o
                0x0000000020000090                huart1
 .bss.heap_end.6424
                0x00000000200000d0        0x4 Core/Src/sysmem.o
 .bss.__malloc_free_list
                0x00000000200000d4        0x4 /opt/st/stm32cubeide_1.2.0/plugins/com.st.stm32cube.ide.mcu.externaltools.gnu-arm-embedded.7-2018-q2-update.linux64_1.0.0.201904120901/tools/bin/../lib/gcc/arm-none-eabi/7.3.1/../../../../arm-none-eabi/lib/thumb/v7e-m/fpv4-sp/hard/libc_nano.a(lib_a-nano-mallocr.o)
                0x00000000200000d4                __malloc_free_list
 .bss.__malloc_sbrk_start
                0x00000000200000d8        0x4 /opt/st/stm32cubeide_1.2.0/plugins/com.st.stm32cube.ide.mcu.externaltools.gnu-arm-embedded.7-2018-q2-update.linux64_1.0.0.201904120901/tools/bin/../lib/gcc/arm-none-eabi/7.3.1/../../../../arm-none-eabi/lib/thumb/v7e-m/fpv4-sp/hard/libc_nano.a(lib_a-nano-mallocr.o)
                0x00000000200000d8                __malloc_sbrk_start
 *(COMMON)
 COMMON         0x00000000200000dc        0x4 Drivers/STM32F4xx_HAL_Driver/Src/stm32f4xx_hal.o
                0x00000000200000dc                uwTick
 COMMON         0x00000000200000e0       0x20 Drivers/STM32F4xx_HAL_Driver/Src/stm32f4xx_hal_flash.o
                0x00000000200000e0                pFlash
 COMMON         0x0000000020000100      0x2c4 USB_HOST/Target/usbh_conf.o
                0x0000000020000100                hhcd_USB_OTG_FS
 COMMON         0x00000000200003c4        0x4 /opt/st/stm32cubeide_1.2.0/plugins/com.st.stm32cube.ide.mcu.externaltools.gnu-arm-embedded.7-2018-q2-update.linux64_1.0.0.201904120901/tools/bin/../lib/gcc/arm-none-eabi/7.3.1/../../../../arm-none-eabi/lib/thumb/v7e-m/fpv4-sp/hard/libc_nano.a(lib_a-reent.o)
                0x00000000200003c4                errno
                0x00000000200003c8                . = ALIGN (0x4)
                0x00000000200003c8                _ebss = .
                0x00000000200003c8                __bss_end__ = _ebss

._user_heap_stack
                0x00000000200003c8      0x600 load address 0x0000000008006768
                0x00000000200003c8                . = ALIGN (0x8)
                0x00000000200003c8                PROVIDE (end = .)
                [!provide]                        PROVIDE (_end = .)
                0x00000000200005c8                . = (. + _Min_Heap_Size)
 *fill*         0x00000000200003c8      0x200 
                0x00000000200009c8                . = (. + _Min_Stack_Size)
 *fill*         0x00000000200005c8      0x400 
                0x00000000200009c8                . = ALIGN (0x8)

/DISCARD/
 libc.a(*)
 libm.a(*)
 libgcc.a(*)

.ARM.attributes
                0x0000000000000000       0x30
 *(.ARM.attributes)
 .ARM.attributes
                0x0000000000000000       0x22 /opt/st/stm32cubeide_1.2.0/plugins/com.st.stm32cube.ide.mcu.externaltools.gnu-arm-embedded.7-2018-q2-update.linux64_1.0.0.201904120901/tools/bin/../lib/gcc/arm-none-eabi/7.3.1/thumb/v7e-m/fpv4-sp/hard/crti.o
 .ARM.attributes
                0x0000000000000022       0x34 /opt/st/stm32cubeide_1.2.0/plugins/com.st.stm32cube.ide.mcu.externaltools.gnu-arm-embedded.7-2018-q2-update.linux64_1.0.0.201904120901/tools/bin/../lib/gcc/arm-none-eabi/7.3.1/thumb/v7e-m/fpv4-sp/hard/crtbegin.o
 .ARM.attributes
                0x0000000000000056       0x39 Core/Src/main.o
 .ARM.attributes
                0x000000000000008f       0x39 Core/Src/stm32f4xx_hal_msp.o
 .ARM.attributes
                0x00000000000000c8       0x39 Core/Src/stm32f4xx_it.o
 .ARM.attributes
                0x0000000000000101       0x39 Core/Src/syscalls.o
 .ARM.attributes
                0x000000000000013a       0x39 Core/Src/sysmem.o
 .ARM.attributes
                0x0000000000000173       0x39 Core/Src/system_stm32f4xx.o
 .ARM.attributes
                0x00000000000001ac       0x21 Core/Startup/startup_stm32f407vgtx.o
 .ARM.attributes
                0x00000000000001cd       0x39 Drivers/STM32F4xx_HAL_Driver/Src/stm32f4xx_hal.o
 .ARM.attributes
                0x0000000000000206       0x39 Drivers/STM32F4xx_HAL_Driver/Src/stm32f4xx_hal_cortex.o
 .ARM.attributes
                0x000000000000023f       0x39 Drivers/STM32F4xx_HAL_Driver/Src/stm32f4xx_hal_flash.o
 .ARM.attributes
                0x0000000000000278       0x39 Drivers/STM32F4xx_HAL_Driver/Src/stm32f4xx_hal_flash_ex.o
 .ARM.attributes
                0x00000000000002b1       0x39 Drivers/STM32F4xx_HAL_Driver/Src/stm32f4xx_hal_gpio.o
 .ARM.attributes
                0x00000000000002ea       0x39 Drivers/STM32F4xx_HAL_Driver/Src/stm32f4xx_hal_hcd.o
 .ARM.attributes
                0x0000000000000323       0x39 Drivers/STM32F4xx_HAL_Driver/Src/stm32f4xx_hal_rcc.o
 .ARM.attributes
                0x000000000000035c       0x39 Drivers/STM32F4xx_HAL_Driver/Src/stm32f4xx_hal_rcc_ex.o
 .ARM.attributes
                0x0000000000000395       0x39 Drivers/STM32F4xx_HAL_Driver/Src/stm32f4xx_hal_uart.o
 .ARM.attributes
                0x00000000000003ce       0x39 Drivers/STM32F4xx_HAL_Driver/Src/stm32f4xx_ll_usb.o
 .ARM.attributes
                0x0000000000000407       0x39 Middlewares/ST/STM32_USB_Host_Library/Core/Src/usbh_core.o
 .ARM.attributes
                0x0000000000000440       0x39 Middlewares/ST/STM32_USB_Host_Library/Core/Src/usbh_pipes.o
 .ARM.attributes
                0x0000000000000479       0x39 USB_HOST/Target/usbh_conf.o
 .ARM.attributes
                0x00000000000004b2       0x34 /opt/st/stm32cubeide_1.2.0/plugins/com.st.stm32cube.ide.mcu.externaltools.gnu-arm-embedded.7-2018-q2-update.linux64_1.0.0.201904120901/tools/bin/../lib/gcc/arm-none-eabi/7.3.1/../../../../arm-none-eabi/lib/thumb/v7e-m/fpv4-sp/hard/libstdc++_nano.a(pure.o)
 .ARM.attributes
                0x00000000000004e6       0x34 /opt/st/stm32cubeide_1.2.0/plugins/com.st.stm32cube.ide.mcu.externaltools.gnu-arm-embedded.7-2018-q2-update.linux64_1.0.0.201904120901/tools/bin/../lib/gcc/arm-none-eabi/7.3.1/../../../../arm-none-eabi/lib/thumb/v7e-m/fpv4-sp/hard/libstdc++_nano.a(eh_terminate.o)
 .ARM.attributes
                0x000000000000051a       0x34 /opt/st/stm32cubeide_1.2.0/plugins/com.st.stm32cube.ide.mcu.externaltools.gnu-arm-embedded.7-2018-q2-update.linux64_1.0.0.201904120901/tools/bin/../lib/gcc/arm-none-eabi/7.3.1/../../../../arm-none-eabi/lib/thumb/v7e-m/fpv4-sp/hard/libstdc++_nano.a(del_ops.o)
 .ARM.attributes
                0x000000000000054e       0x34 /opt/st/stm32cubeide_1.2.0/plugins/com.st.stm32cube.ide.mcu.externaltools.gnu-arm-embedded.7-2018-q2-update.linux64_1.0.0.201904120901/tools/bin/../lib/gcc/arm-none-eabi/7.3.1/../../../../arm-none-eabi/lib/thumb/v7e-m/fpv4-sp/hard/libstdc++_nano.a(del_op.o)
 .ARM.attributes
                0x0000000000000582       0x34 /opt/st/stm32cubeide_1.2.0/plugins/com.st.stm32cube.ide.mcu.externaltools.gnu-arm-embedded.7-2018-q2-update.linux64_1.0.0.201904120901/tools/bin/../lib/gcc/arm-none-eabi/7.3.1/../../../../arm-none-eabi/lib/thumb/v7e-m/fpv4-sp/hard/libstdc++_nano.a(eh_term_handler.o)
 .ARM.attributes
                0x00000000000005b6       0x34 /opt/st/stm32cubeide_1.2.0/plugins/com.st.stm32cube.ide.mcu.externaltools.gnu-arm-embedded.7-2018-q2-update.linux64_1.0.0.201904120901/tools/bin/../lib/gcc/arm-none-eabi/7.3.1/../../../../arm-none-eabi/lib/thumb/v7e-m/fpv4-sp/hard/libc_nano.a(lib_a-abort.o)
 .ARM.attributes
                0x00000000000005ea       0x34 /opt/st/stm32cubeide_1.2.0/plugins/com.st.stm32cube.ide.mcu.externaltools.gnu-arm-embedded.7-2018-q2-update.linux64_1.0.0.201904120901/tools/bin/../lib/gcc/arm-none-eabi/7.3.1/../../../../arm-none-eabi/lib/thumb/v7e-m/fpv4-sp/hard/libc_nano.a(lib_a-assert.o)
 .ARM.attributes
                0x000000000000061e       0x34 /opt/st/stm32cubeide_1.2.0/plugins/com.st.stm32cube.ide.mcu.externaltools.gnu-arm-embedded.7-2018-q2-update.linux64_1.0.0.201904120901/tools/bin/../lib/gcc/arm-none-eabi/7.3.1/../../../../arm-none-eabi/lib/thumb/v7e-m/fpv4-sp/hard/libc_nano.a(lib_a-errno.o)
 .ARM.attributes
                0x0000000000000652       0x34 /opt/st/stm32cubeide_1.2.0/plugins/com.st.stm32cube.ide.mcu.externaltools.gnu-arm-embedded.7-2018-q2-update.linux64_1.0.0.201904120901/tools/bin/../lib/gcc/arm-none-eabi/7.3.1/../../../../arm-none-eabi/lib/thumb/v7e-m/fpv4-sp/hard/libc_nano.a(lib_a-fprintf.o)
 .ARM.attributes
                0x0000000000000686       0x34 /opt/st/stm32cubeide_1.2.0/plugins/com.st.stm32cube.ide.mcu.externaltools.gnu-arm-embedded.7-2018-q2-update.linux64_1.0.0.201904120901/tools/bin/../lib/gcc/arm-none-eabi/7.3.1/../../../../arm-none-eabi/lib/thumb/v7e-m/fpv4-sp/hard/libc_nano.a(lib_a-impure.o)
 .ARM.attributes
                0x00000000000006ba       0x34 /opt/st/stm32cubeide_1.2.0/plugins/com.st.stm32cube.ide.mcu.externaltools.gnu-arm-embedded.7-2018-q2-update.linux64_1.0.0.201904120901/tools/bin/../lib/gcc/arm-none-eabi/7.3.1/../../../../arm-none-eabi/lib/thumb/v7e-m/fpv4-sp/hard/libc_nano.a(lib_a-init.o)
 .ARM.attributes
                0x00000000000006ee       0x34 /opt/st/stm32cubeide_1.2.0/plugins/com.st.stm32cube.ide.mcu.externaltools.gnu-arm-embedded.7-2018-q2-update.linux64_1.0.0.201904120901/tools/bin/../lib/gcc/arm-none-eabi/7.3.1/../../../../arm-none-eabi/lib/thumb/v7e-m/fpv4-sp/hard/libc_nano.a(lib_a-malloc.o)
 .ARM.attributes
                0x0000000000000722       0x34 /opt/st/stm32cubeide_1.2.0/plugins/com.st.stm32cube.ide.mcu.externaltools.gnu-arm-embedded.7-2018-q2-update.linux64_1.0.0.201904120901/tools/bin/../lib/gcc/arm-none-eabi/7.3.1/../../../../arm-none-eabi/lib/thumb/v7e-m/fpv4-sp/hard/libc_nano.a(lib_a-memcmp.o)
 .ARM.attributes
                0x0000000000000756       0x34 /opt/st/stm32cubeide_1.2.0/plugins/com.st.stm32cube.ide.mcu.externaltools.gnu-arm-embedded.7-2018-q2-update.linux64_1.0.0.201904120901/tools/bin/../lib/gcc/arm-none-eabi/7.3.1/../../../../arm-none-eabi/lib/thumb/v7e-m/fpv4-sp/hard/libc_nano.a(lib_a-memset.o)
 .ARM.attributes
                0x000000000000078a       0x34 /opt/st/stm32cubeide_1.2.0/plugins/com.st.stm32cube.ide.mcu.externaltools.gnu-arm-embedded.7-2018-q2-update.linux64_1.0.0.201904120901/tools/bin/../lib/gcc/arm-none-eabi/7.3.1/../../../../arm-none-eabi/lib/thumb/v7e-m/fpv4-sp/hard/libc_nano.a(lib_a-nano-freer.o)
 .ARM.attributes
                0x00000000000007be       0x34 /opt/st/stm32cubeide_1.2.0/plugins/com.st.stm32cube.ide.mcu.externaltools.gnu-arm-embedded.7-2018-q2-update.linux64_1.0.0.201904120901/tools/bin/../lib/gcc/arm-none-eabi/7.3.1/../../../../arm-none-eabi/lib/thumb/v7e-m/fpv4-sp/hard/libc_nano.a(lib_a-nano-mallocr.o)
 .ARM.attributes
                0x00000000000007f2       0x34 /opt/st/stm32cubeide_1.2.0/plugins/com.st.stm32cube.ide.mcu.externaltools.gnu-arm-embedded.7-2018-q2-update.linux64_1.0.0.201904120901/tools/bin/../lib/gcc/arm-none-eabi/7.3.1/../../../../arm-none-eabi/lib/thumb/v7e-m/fpv4-sp/hard/libc_nano.a(lib_a-nano-vfprintf.o)
 .ARM.attributes